Archive member included because of file (symbol)

../../../compile/GNUARM-RZv13.01-EABI/arm-rz-eabi/arm-rz-eabi/lib/gcc/arm-rz-eabi/4.7-GNUARM-RZ_v13.01\libm.a(lib_a-s_atan.o)
                              ../Release/Sources/APP/CORE/VM/standard/t5vmstf.o (atan)
../../../compile/GNUARM-RZv13.01-EABI/arm-rz-eabi/arm-rz-eabi/lib/gcc/arm-rz-eabi/4.7-GNUARM-RZ_v13.01\libm.a(lib_a-s_ceil.o)
                              ../Release/Sources/APP/CORE/VM/standard/t5vmstf.o (ceil)
../../../compile/GNUARM-RZv13.01-EABI/arm-rz-eabi/arm-rz-eabi/lib/gcc/arm-rz-eabi/4.7-GNUARM-RZ_v13.01\libm.a(lib_a-s_cos.o)
                              ../Release/Sources/APP/CORE/VM/standard/t5vmstf.o (cos)
../../../compile/GNUARM-RZv13.01-EABI/arm-rz-eabi/arm-rz-eabi/lib/gcc/arm-rz-eabi/4.7-GNUARM-RZ_v13.01\libm.a(lib_a-s_fabs.o)
                              ../../../compile/GNUARM-RZv13.01-EABI/arm-rz-eabi/arm-rz-eabi/lib/gcc/arm-rz-eabi/4.7-GNUARM-RZ_v13.01\libm.a(lib_a-s_atan.o) (fabs)
../../../compile/GNUARM-RZv13.01-EABI/arm-rz-eabi/arm-rz-eabi/lib/gcc/arm-rz-eabi/4.7-GNUARM-RZ_v13.01\libm.a(lib_a-s_floor.o)
                              ../Release/Sources/APP/CORE/VM/standard/t5vmstf.o (floor)
../../../compile/GNUARM-RZv13.01-EABI/arm-rz-eabi/arm-rz-eabi/lib/gcc/arm-rz-eabi/4.7-GNUARM-RZ_v13.01\libm.a(lib_a-s_sin.o)
                              ../Release/Sources/APP/CORE/VM/standard/t5vmstf.o (sin)
../../../compile/GNUARM-RZv13.01-EABI/arm-rz-eabi/arm-rz-eabi/lib/gcc/arm-rz-eabi/4.7-GNUARM-RZ_v13.01\libm.a(lib_a-s_tan.o)
                              ../Release/Sources/APP/CORE/VM/standard/t5vmstf.o (tan)
../../../compile/GNUARM-RZv13.01-EABI/arm-rz-eabi/arm-rz-eabi/lib/gcc/arm-rz-eabi/4.7-GNUARM-RZ_v13.01\libm.a(lib_a-w_acos.o)
                              ../Release/Sources/APP/CORE/VM/standard/t5vmstf.o (acos)
../../../compile/GNUARM-RZv13.01-EABI/arm-rz-eabi/arm-rz-eabi/lib/gcc/arm-rz-eabi/4.7-GNUARM-RZ_v13.01\libm.a(lib_a-w_asin.o)
                              ../Release/Sources/APP/CORE/VM/standard/t5vmstf.o (asin)
../../../compile/GNUARM-RZv13.01-EABI/arm-rz-eabi/arm-rz-eabi/lib/gcc/arm-rz-eabi/4.7-GNUARM-RZ_v13.01\libm.a(lib_a-w_atan2.o)
                              ../Release/Sources/APP/CORE/VM/standard/t5vmstf.o (atan2)
../../../compile/GNUARM-RZv13.01-EABI/arm-rz-eabi/arm-rz-eabi/lib/gcc/arm-rz-eabi/4.7-GNUARM-RZ_v13.01\libm.a(lib_a-w_exp.o)
                              ../Release/Sources/APP/CORE/VM/standard/t5vmstf.o (exp)
../../../compile/GNUARM-RZv13.01-EABI/arm-rz-eabi/arm-rz-eabi/lib/gcc/arm-rz-eabi/4.7-GNUARM-RZ_v13.01\libm.a(lib_a-w_fmod.o)
                              ../Release/Sources/APP/CORE/VM/standard/t5vmstf.o (fmod)
../../../compile/GNUARM-RZv13.01-EABI/arm-rz-eabi/arm-rz-eabi/lib/gcc/arm-rz-eabi/4.7-GNUARM-RZ_v13.01\libm.a(lib_a-w_log10.o)
                              ../Release/Sources/APP/CORE/VM/standard/t5vmstf.o (log10)
../../../compile/GNUARM-RZv13.01-EABI/arm-rz-eabi/arm-rz-eabi/lib/gcc/arm-rz-eabi/4.7-GNUARM-RZ_v13.01\libm.a(lib_a-w_log.o)
                              ../Release/Sources/APP/CORE/VM/standard/t5vmstf.o (log)
../../../compile/GNUARM-RZv13.01-EABI/arm-rz-eabi/arm-rz-eabi/lib/gcc/arm-rz-eabi/4.7-GNUARM-RZ_v13.01\libm.a(lib_a-w_pow.o)
                              ../Release/Sources/APP/CORE/VM/standard/t5vmstf.o (pow)
../../../compile/GNUARM-RZv13.01-EABI/arm-rz-eabi/arm-rz-eabi/lib/gcc/arm-rz-eabi/4.7-GNUARM-RZ_v13.01\libm.a(lib_a-w_sqrt.o)
                              ../Release/Sources/APP/CORE/VM/standard/t5vmstf.o (sqrt)
../../../compile/GNUARM-RZv13.01-EABI/arm-rz-eabi/arm-rz-eabi/lib/gcc/arm-rz-eabi/4.7-GNUARM-RZ_v13.01\libm.a(lib_a-e_acos.o)
                              ../../../compile/GNUARM-RZv13.01-EABI/arm-rz-eabi/arm-rz-eabi/lib/gcc/arm-rz-eabi/4.7-GNUARM-RZ_v13.01\libm.a(lib_a-w_acos.o) (__ieee754_acos)
../../../compile/GNUARM-RZv13.01-EABI/arm-rz-eabi/arm-rz-eabi/lib/gcc/arm-rz-eabi/4.7-GNUARM-RZ_v13.01\libm.a(lib_a-e_asin.o)
                              ../../../compile/GNUARM-RZv13.01-EABI/arm-rz-eabi/arm-rz-eabi/lib/gcc/arm-rz-eabi/4.7-GNUARM-RZ_v13.01\libm.a(lib_a-w_asin.o) (__ieee754_asin)
../../../compile/GNUARM-RZv13.01-EABI/arm-rz-eabi/arm-rz-eabi/lib/gcc/arm-rz-eabi/4.7-GNUARM-RZ_v13.01\libm.a(lib_a-e_atan2.o)
                              ../../../compile/GNUARM-RZv13.01-EABI/arm-rz-eabi/arm-rz-eabi/lib/gcc/arm-rz-eabi/4.7-GNUARM-RZ_v13.01\libm.a(lib_a-w_atan2.o) (__ieee754_atan2)
../../../compile/GNUARM-RZv13.01-EABI/arm-rz-eabi/arm-rz-eabi/lib/gcc/arm-rz-eabi/4.7-GNUARM-RZ_v13.01\libm.a(lib_a-e_exp.o)
                              ../../../compile/GNUARM-RZv13.01-EABI/arm-rz-eabi/arm-rz-eabi/lib/gcc/arm-rz-eabi/4.7-GNUARM-RZ_v13.01\libm.a(lib_a-w_exp.o) (__ieee754_exp)
../../../compile/GNUARM-RZv13.01-EABI/arm-rz-eabi/arm-rz-eabi/lib/gcc/arm-rz-eabi/4.7-GNUARM-RZ_v13.01\libm.a(lib_a-e_fmod.o)
[...]
Memory Configuration

Name             Origin             Length             Attributes
RAM0L            0x20020000         0x000e0000         xrw
RAM1L            0x20100000         0x00100000         xrw
RAM2L            0x20200000         0x00100000         xrw
RAM3L            0x20300000         0x00100000         xrw
RAM4L            0x20400000         0x00100000         xrw
RAM0U            0x20500000         0x00100000         xrw
RAM1U            0x20600000         0x00100000         xrw
RAM2U            0x20700000         0x00100000         xrw
RAM3U            0x20800000         0x00100000         xrw
RAM4U            0x20900000         0x00100000         xrw
SDRAM            0x4c000000         0x02000000         xrw
ROM              0x18000000         0x02000000         rw
HRAM             0x20100000         0x00600000         rw
VRAM0            0x60000100         0x00007000         rw
VRAM             0x60100000         0x00900000         rw
MON_FUNC         0x18080100         0x00000300         xr
MON_CODE         0x18080400         0x001a0000         xr
MON_IDEN         0x1827ff80         0x00000044         r
MON_ZVAL         0x1827fff8         0x00000004         r
MON_CKSM         0x1827fffc         0x00000004         r
STR_FUNC         0x18280000         0x00000060         xr
STR_CODE         0x18280060         0x00064000         xr
STR_T5AP         0x18315550         0x000fef00         xr
AGF_IDEN         0x18414450         0x00000100         r
STR_PARA         0x18414550         0x00001000         r
STR_EMW_ZED_WIR  0x18415550         0x00006000         r
STR_IDEN         0x1843ff80         0x00000044         r
STR_ZVAL         0x1843fff8         0x00000004         r
STR_CKSM         0x1843fffc         0x00000004         r
EMW_FUNC         0x18480000         0x00000060         xr
EMW_CODE         0x18480060         0x00b7ff20         xr
EMW_IDEN         0x18ffff80         0x00000044         r
EMW_ZVAL         0x18fffff8         0x00000004         r
EMW_CKSM         0x18fffffc         0x00000004         r
MON_ZED          0x20020000         0x00008000         rw
MON_ZED_VM       0x20020000         0x00000300         rw
MON_ZED_MULTICS  0x20020300         0x00000300         rw
MON_ZED_POWERXX  0x20020600         0x00002900         rw
MON_ZED_SWP      0x20022f00         0x00000410         rw
MON_ZED_J1939    0x20023310         0x00002d10         rw
MON_ZED_SPARE    0x20026020         0x00001fe0         rw
STR_ZED          0x20028000         0x00001000         rw
MON_RAM          0x20029000         0x00064000         rw
STR_RAM          0x2008d000         0x00019000         rw
STR_VMDB         0x200a6000         0x00032000         rw
STACKS           0x200d8000         0x00018000         rw
MON_NVDM         0x200ff000         0x00001000         rw
EMW_RAM          0x4c100000         0x00300000         rw
*default*        0x00000000         0xffffffff

Linker script and memory map

LOAD ../Release/Sources/APP/CORE/VM/custom/T5ACTIA.o
LOAD ../Release/Sources/APP/CORE/VM/custom/t5can.o
LOAD ../Release/Sources/APP/CORE/VM/custom/t5ddkcip.o
LOAD ../Release/Sources/APP/CORE/VM/custom/t5flash.o
LOAD ../Release/Sources/APP/CORE/VM/custom/t5ios.o
LOAD ../Release/Sources/APP/CORE/VM/custom/t5memory.o
LOAD ../Release/Sources/APP/CORE/VM/custom/t5retain.o
LOAD ../Release/Sources/APP/CORE/VM/custom/t5rtclk.o
LOAD ../Release/Sources/APP/CORE/VM/custom/t5serial.o
LOAD ../Release/Sources/APP/CORE/VM/custom/t5socket.o
LOAD ../Release/Sources/APP/CORE/VM/standard/t5cs.o
LOAD ../Release/Sources/APP/CORE/VM/standard/t5csser.o
LOAD ../Release/Sources/APP/CORE/VM/standard/t5cssock.o
LOAD ../Release/Sources/APP/CORE/VM/standard/t5def.o
LOAD ../Release/Sources/APP/CORE/VM/standard/t5heap.o
LOAD ../Release/Sources/APP/CORE/VM/standard/t5mbfb.o
LOAD ../Release/Sources/APP/CORE/VM/standard/t5mm.o
LOAD ../Release/Sources/APP/CORE/VM/standard/t5tools.o
LOAD ../Release/Sources/APP/CORE/VM/standard/t5vfs.o
LOAD ../Release/Sources/APP/CORE/VM/standard/t5vm.o
LOAD ../Release/Sources/APP/CORE/VM/standard/t5vmbsmp.o
LOAD ../Release/Sources/APP/CORE/VM/standard/t5vmcan.o
LOAD ../Release/Sources/APP/CORE/VM/standard/t5vmcnv.o
LOAD ../Release/Sources/APP/CORE/VM/standard/t5vmcode.o
LOAD ../Release/Sources/APP/CORE/VM/standard/t5vmfbl.o
LOAD ../Release/Sources/APP/CORE/VM/standard/t5vmiox.o
LOAD ../Release/Sources/APP/CORE/VM/standard/t5vmlog.o
LOAD ../Release/Sources/APP/CORE/VM/standard/t5vmmap.o
LOAD ../Release/Sources/APP/CORE/VM/standard/t5vmprg.o
LOAD ../Release/Sources/APP/CORE/VM/standard/t5vmrsc.o
LOAD ../Release/Sources/APP/CORE/VM/standard/t5vmsrv.o
LOAD ../Release/Sources/APP/CORE/VM/standard/t5vmstf.o
LOAD ../Release/Sources/APP/CORE/VM/standard/t5vmstfb.o
LOAD ../Release/Sources/APP/CORE/VM/standard/t5vmstr.o
LOAD ../Release/Sources/APP/CORE/VM/standard/t5vmtic.o
LOAD ../Release/Sources/APP/CORE/VM/standard/t5vmtmr.o
LOAD ../Release/Sources/APP/CORE/VM/standard/t5vmwarm.o
LOAD ../Release/Sources/APP/CORE/VM/standard/t5barray.o
LOAD ../Release/Sources/APP/COM/DIAG/CustomDiag.o
LOAD ../Release/Sources/APP/COM/diag_app/diag_app.o
LOAD ../Release/Sources/APP/COM/J1939/T5_J1939.o
LOAD ../Release/Sources/APP/BLOCKS/Dtc/Dtc_Clr.o
LOAD ../Release/Sources/APP/BLOCKS/Dtc/Dtc_List.o
LOAD ../Release/Sources/APP/BLOCKS/Dtc/Dtc_Rd.o
LOAD ../Release/Sources/APP/BLOCKS/Dtc/Dtc_Wr.o
LOAD ../Release/Sources/APP/BLOCKS/J1939/FB_J1939_Status.o
LOAD ../Release/Sources/APP/BLOCKS/LIN/Lin_Init.o
LOAD ../Release/Sources/APP/BLOCKS/LIN/Lin_RdData.o
LOAD ../Release/Sources/APP/BLOCKS/LIN/Lin_RqFrame.o
LOAD ../Release/Sources/APP/BLOCKS/LIN/Lin_Tx.o
LOAD ../Release/Sources/APP/BLOCKS/LIN/Lin_GetStatus.o
LOAD ../Release/Sources/APP/BLOCKS/Param/Param_Rd.o
LOAD ../Release/Sources/APP/BLOCKS/Param/Param_Wr.o
LOAD ../Release/Sources/APP/BLOCKS/Sleep/SleepCmd.o
LOAD ../Release/Sources/APP/BLOCKS/RTC/Rtc_Rd.o
LOAD ../Release/Sources/APP/BLOCKS/RTC/Rtc_Wr.o
LOAD ../Release/Sources/APP/BLOCKS/SpecifCalib/SpecifCalib_Rd.o
LOAD ../Release/Sources/APP/BLOCKS/SpecifCalib/SpecifCalib_Wr.o
LOAD ../Release/Sources/APP/BLOCKS/RTC/Rtc_Timer_Rd.o
LOAD ../Release/Sources/APP/BLOCKS/RTC/Rtc_Timer_Wr.o
LOAD ../Release/Sources/APP/BLOCKS/RTC/Rtc_Timer_Clr.o
LOAD ../Release/Sources/APP/BLOCKS/RTC/Rtc_Alarm_Rd.o
LOAD ../Release/Sources/APP/BLOCKS/RTC/Rtc_Alarm_Wr.o
LOAD ../Release/Sources/APP/BLOCKS/RTC/Rtc_Alarm_Clr.o
LOAD ../Release/Sources/APP/BLOCKS/BEEP/BeepCmd.o
LOAD ../Release/Sources/APP/BLOCKS/t5blocks.o
LOAD ../Release/Sources/APP/API_WRAPPER/api_wrapper.o
LOAD ../Release/Sources/APP/API_WRAPPER/version.o
LOAD ../Release/Sources/APP/CORE/base/compiler_specific/asm/initsct.o
                0x00008000                PROGRAM_STACK_SIZE = 0x8000
                0x00002000                IRQ_STACK_SIZE = 0x2000
                0x00002000                FIQ_STACK_SIZE = 0x2000
                0x00002000                SVC_STACK_SIZE = 0x2000
                0x00002000                ABT_STACK_SIZE = 0x2000
                0x00008000                TTB_SIZE = 0x8000
                0x18080000                QSPI_BASE = 0x18080000
                0x60040000                MIRRORED_VECTOR_TABLE = 0x60040000
                0x18080100                __MonitorFunctions_start = ORIGIN (MON_FUNC)
                0x18080400                __MonitorCode_start = ORIGIN (MON_CODE)
                0x18220400                __MonitorCode_end = (ORIGIN (MON_CODE) + 0x1a0000)
                0x18280000                __StratonFunctions_start = ORIGIN (STR_FUNC)
                0x18280060                __StratonCode_start = ORIGIN (STR_CODE)
                0x182e4060                __StratonCode_end = (ORIGIN (STR_CODE) + 0x64000)
                0x20028000                __StratonZED_start = ORIGIN (STR_ZED)
                0x18415550                __StratonEmWi_ZED_Wiring_start = ORIGIN (STR_EMW_ZED_WIR)
                0x00006000                __StratonEmWi_ZED_Wiring_size = 0x6000
                0x1841b550                __StratonEmWi_ZED_Wiring_end = (__StratonEmWi_ZED_Wiring_start + __StratonEmWi_ZED_Wiring_size)
                0x18480000                __EmWizardFunctions_start = ORIGIN (EMW_FUNC)
                0x18480060                __EmWizardCode_start = ORIGIN (EMW_CODE)
                0x18ffff80                __EmWizardCode_end = (ORIGIN (EMW_CODE) + 0xb7ff20)
                0x20020000                __MON_ZED_start = ORIGIN (MON_ZED)
                0x00008000                __MON_ZED_size = 0x8000
                0x20028000                __MON_ZED_end = (__MON_ZED_start + __MON_ZED_size)
                0x200ff000                __MON_NVDM_start = ORIGIN (MON_NVDM)
                0x00001000                __MON_NVDM_size = 0x1000
                0x20100000                __MON_NVDM_end = (__MON_NVDM_start + __MON_NVDM_size)
                0x200a6000                __VMDB_ram_start = ORIGIN (STR_VMDB)
                0x00032000                __VMDB_ram_size = 0x32000
                0x18315550                __code_app_start = ORIGIN (STR_T5AP)
                0x000fef00                __code_app_size = 0xfef00
                0x18414450                __ActiGRAF_Banners_start = ORIGIN (AGF_IDEN)
                0x00000100                __ActiGRAF_Banners_size = 0x100
                0x18414550                __AppParamConfig_start = ORIGIN (STR_PARA)
                0x00001000                __AppParamConfig_size = 0x1000

__StratonFunctions
                0x18280000       0x20
 __StratonFunctions
                0x18280000       0x20 ../Release/Sources/APP/API_WRAPPER/api_wrapper.o
                0x18280000                CstWStraton_eApplication_Function

__StratonSWIdent
                0x1843ff80       0x42
 __StratonSWIdent
                0x1843ff80       0x42 ../Release/Sources/APP/API_WRAPPER/version.o
                0x1843ff80                CstApp_eSWIdent

.text           0x18280060    0x291cc
 *(.text)
 .text          0x18280060      0x5a4 ../Release/Sources/APP/CORE/VM/custom/T5ACTIA.o
                0x18280298                T5_GetTickCount
                0x182802c0                T5_Sleep
                0x182802c4                Application_Init_Hook
                0x182803e4                Application_Background_Hook
                0x182805d4                T5_Exit
 .text          0x18280604      0x6ac ../Release/Sources/APP/CORE/VM/custom/t5can.o
                0x18280604                vPUSER_iCANError_Idc
                0x18280628                vPUSER_iCANError_Idc5
                0x18280630                vPUSER_iCANError_Idc4
                0x18280638                vPUSER_iCANError_Idc3
                0x18280640                vPUSER_iCANError_Idc2
                0x18280648                vPUSER_iCANError_Idc1
                0x18280650                vPUSER_iCANReceive_Idc
                0x18280678                vPUSER_iCANReceive_Idc5
                0x18280680                vPUSER_iCANReceive_Idc4
                0x18280688                vPUSER_iCANReceive_Idc3
                0x18280690                vPUSER_iCANReceive_Idc2
                0x18280698                vPUSER_iCANReceive_Idc1
                0x182806a0                vPUSER_iCANTransmit_Cfm
                0x182806c8                vPUSER_iCANTransmit_Cfm5
                0x182806d0                vPUSER_iCANTransmit_Cfm4
                0x182806d8                vPUSER_iCANTransmit_Cfm3
                0x182806e0                vPUSER_iCANTransmit_Cfm2
                0x182806e8                vPUSER_iCANTransmit_Cfm1
                0x182806f0                T5Can_PreOpen
                0x18280754                T5Can_GetCANPro
                0x182807e8                T5Can_Open
                0x18280ab8                T5Can_PostClose
                0x18280abc                T5Can_Close
                0x18280acc                T5Can_OnPreExchange
                0x18280b80                T5Can_OnPostExchange
                0x18280c04                T5Can_GetBusOffFlag
                0x18280c54                T5Can_GetErrors
                0x18280c98                T5CAN_OnSpcOut
                0x18280ca8                T5CAN_OemAlloc
                0x18280cac                T5CAN_OemFree
 .text          0x18280cb0        0x0 ../Release/Sources/APP/CORE/VM/custom/t5ddkcip.o
 .text          0x18280cb0       0x98 ../Release/Sources/APP/CORE/VM/custom/t5flash.o
                0x18280cb0                T5Ram_Size
                0x18280ccc                T5Ram_Ptr
                0x18280ce8                T5Flash_Size
                0x18280d04                T5Flash_Ptr
                0x18280d20                T5Flash_GotToRam
                0x18280d38                T5Flash_Erase
                0x18280d40                T5Flash_Write
 .text          0x18280d48      0x4ac ../Release/Sources/APP/CORE/VM/custom/t5ios.o
                0x18280d48                T5Ios_GetMemorySizing
                0x18280d50                T5Ios_CanHotRestart
                0x18280d58                T5Ios_HotRestart
                0x18280d60                T5Ios_Open
                0x18280e68                T5Ios_Close
                0x18280e70                T5Ios_Exchange
 .text          0x182811f4      0x458 ../Release/Sources/APP/CORE/VM/custom/t5memory.o
                0x182811f4                T5Memory_Alloc
                0x18281280                T5Memory_Load
                0x182813b8                T5Memory_Free
                0x1828140c                T5Memory_Link
                0x18281444                T5Memory_Unlink
                0x18281494                T5Memory_StartWrite
                0x182814fc                T5Memory_Write
                0x1828158c                T5Memory_EndWrite
                0x182815bc                T5Memory_Save
 .text          0x1828164c      0x33c ../Release/Sources/APP/CORE/VM/custom/t5retain.o
                0x1828164c                T5Retain_CanLoad
                0x18281678                T5Retain_Load
                0x182817d0                T5Retain_CanStore
                0x18281840                T5Retain_ShutDown
                0x18281844                T5Retain_CycleExchange
 .text          0x18281988       0x40 ../Release/Sources/APP/CORE/VM/custom/t5rtclk.o
                0x18281988                T5RtClk_GetString
                0x18281990                T5RtClk_GetCurDateStamp
                0x18281998                T5RtClk_GetCurTimeStamp
                0x182819a0                T5RtClk_GetCurDateTimeStamp
 .text          0x182819c8      0x188 ../Release/Sources/APP/CORE/VM/custom/t5serial.o
                0x182819c8                T5Serial_Initialize
                0x182819d4                T5Serial_IsValid
                0x182819e4                T5Serial_Open
                0x18281a20                T5Serial_Close
                0x18281a50                T5Serial_Send
                0x18281aac                T5Serial_Receive
 .text          0x18281b50      0x634 ../Release/Sources/APP/CORE/VM/custom/t5socket.o
                0x18281b50                s32T5Socket_iTcpSent_Exe
                0x18281b58                s32T5Socket_iSearchEntry
                0x18281be0                s32T5Socket_iTcpOpenHandler_Exe
                0x18281c50                s32T5Socket_iTcpAccept_Exe
                0x18281cd0                vT5Socket_iCopyRcvData_Exe
                0x18281d64                s32T5Socket_iTcpRecv_Exe
                0x18281e44                T5Socket_Initialize
                0x18281ed0                T5Socket_Terminate
                0x18281ed4                T5Socket_CreateListeningSocket
                0x18281f6c                T5Socket_CloseSocket
                0x18281fcc                T5Socket_Accept
                0x18282010                T5Socket_Send
                0x18282094                T5Socket_Receive
 .text          0x18282184      0x704 ../Release/Sources/APP/CORE/VM/standard/t5cs.o
                0x18282184                T5CS_DefaultCallback
                0x18282188                T5CS_Open
                0x18282254                T5CS_CheckSilentSockets
                0x18282258                T5CS_GetNbHostTCP
                0x18282298                T5CS_Close
                0x182822f4                T5CS_Activate
                0x18282338                T5CS_ActivateStamp
                0x18282340                T5CS_GetTaskNo
                0x18282348                T5CS_ReleaseQuestion
                0x18282384                T5CS_GetVMRequest
                0x182823d0                T5CS_GetRequestFrame
                0x18282410                T5CS_SendRC
                0x182824bc                T5CS_GetQuestion
                0x182825f0                T5CS_GetVMAnswerBuffer
                0x18282644                T5CS_GetAnswerFrameBuffer
                0x18282698                T5CS_SendVMAnswer
                0x18282720                T5CS_SendAnswerFrame
                0x18282764                T5CS_GetLoadInfo
                0x18282810                T5CS_GetStartInfo
 .text          0x18282888      0x608 ../Release/Sources/APP/CORE/VM/standard/t5csser.o
                0x182828e0                T5CSSer_Open
                0x18282950                T5CSSer_Close
                0x18282990                T5CSSer_Activate
 .text          0x18282e90      0x45c ../Release/Sources/APP/CORE/VM/standard/t5cssock.o
                0x18282e90                T5CSSock_Accept
                0x18282f20                T5CSSock_CloseAllSockets
                0x18282f94                T5CSSock_ActivateAllSockets
                0x18283220                T5CSSock_CheckSilentSocketsEx
                0x182832e4                T5CSSock_CheckSilentSockets
 .text          0x182832ec      0x338 ../Release/Sources/APP/CORE/VM/standard/t5def.o
                0x182832ec                T5Def_Cycle
                0x18283310                T5Def_ColdStart
                0x18283390                T5Def_HotStart
                0x18283404                T5Def_Change
                0x18283448                T5Def_UndoChange
                0x1828348c                T5Def_Stop
                0x18283494                T5Def_ServeVMRequest
                0x18283500                T5Def_ServeVMRequestEx
                0x18283574                T5Def_ServeModbusRequest
                0x18283580                T5Def_ServeSyncRequest
 .text          0x18283624      0x658 ../Release/Sources/APP/CORE/VM/standard/t5heap.o
                0x18283624                T5Heap_FreeAll
                0x18283640                T5Heap_DeleteHeap
                0x18283680                T5Heap_GetFreeSpace
                0x182836b8                T5Heap_Compact
                0x182838ac                T5Heap_Alloc
                0x18283974                T5Heap_Free
                0x182839c4                T5Heap_Lock
                0x18283a2c                T5Heap_Unlock
                0x18283a70                T5Heap_NbAlloc
                0x18283acc                T5Heap_CreateHeapMalloc
                0x18283ad4                T5Heap_CreateHeapBuffer
                0x18283b8c                T5Heap_RelocateHeapBuffer
 .text          0x18283c7c      0xd68 ../Release/Sources/APP/CORE/VM/standard/t5mbfb.o
                0x18283d00                MBMASTERRTU
 .text          0x182849e4      0x234 ../Release/Sources/APP/CORE/VM/standard/t5mm.o
                0x182849e4                T5MM_Open
                0x18284a38                T5MM_Close
                0x18284a60                T5MM_LoadCode
                0x18284a70                T5MM_FreeCode
                0x18284a80                T5MM_LinkCode
                0x18284aa4                T5MM_UnlinkCode
                0x18284ab4                T5MM_WriteCodeRequest
                0x18284b04                T5MM_WriteSyncRequest
                0x18284ba4                T5MM_AllocRawVMDB
                0x18284bb4                T5MM_FreeVMDB
                0x18284bc4                T5MM_LinkVMDB
                0x18284be8                T5MM_UnlinkVMDB
                0x18284bf8                T5MM_LoadVMDB
                0x18284c08                T5MM_SaveVMDB
 .text          0x18284c18      0x328 ../Release/Sources/APP/CORE/VM/standard/t5tools.o
                0x18284c18                T5Tools_GetAnyParam
                0x18284d48                T5Tools_GetAnyArray
                0x18284df8                T5Tools_GetCTParam
                0x18284e18                T5Tools_GetD8Array
                0x18284e3c                T5Tools_GetD16Array
                0x18284e60                T5Tools_GetD32Array
                0x18284e80                T5Tools_GetTimeArray
                0x18284ea4                T5Tools_GetStringArray
                0x18284ee8                T5Tools_Crc16
 .text          0x18284f40      0x5c8 ../Release/Sources/APP/CORE/VM/standard/t5vfs.o
                0x1828506c                T5Vfs_CleanSRAMBuffers
                0x18285114                T5Vfs_FileInFlash
                0x1828511c                T5Vfs_GetMaxRamFileSize
                0x18285148                T5Vfs_CreateRamFile
                0x18285184                T5Vfs_ReleaseRamFile
                0x18285188                T5Vfs_GetSize
                0x182851e8                T5Vfs_LoadToMemory
                0x1828520c                T5Vfs_ReleaseFromMemory
                0x18285210                T5Vfs_OpenReadRand
                0x1828525c                T5Vfs_Read
                0x1828531c                T5Vfs_OpenWriteCreate
                0x18285398                T5Vfs_OpenWriteAppend
                0x182853f0                T5Vfs_Write
                0x18285494                T5Vfs_Close
                0x18285498                T5Vfs_Eof
                0x182854f8                T5Vfs_Rename
                0x18285500                T5Vfs_Delete
 .text          0x18285508      0xc28 ../Release/Sources/APP/CORE/VM/standard/t5vm.o
                0x18285508                T5VM_GetDBSize
                0x1828576c                T5VM_BuildEx
                0x18285ac4                T5VM_Build
                0x18285ad0                T5VM_PerformTask
                0x18285b5c                T5VM_FullIOExchange
                0x18285be4                T5VM_FullIOExchangeEx
                0x18285c3c                T5VM_GetTriggerPtr
                0x18285c48                T5VM_GetTotalDBSize
                0x18285c90                T5VM_BuildDBMainLinks
                0x18285ce0                T5VM_CanHOTStart
                0x18285ce8                T5VM_BuildHOT
                0x18285cf0                T5VM_UndoHOTChange
                0x18285cf8                T5VM_SetPauseMode
                0x18285d14                T5VM_PrepareRetains
                0x18285d18                T5VM_LoadRetains
                0x18285d1c                T5VM_CanLoadRetains
                0x18285d20                T5VM_OpenDynaLinks
                0x18285d28                T5VM_CloseDynaLinks
                0x18285d2c                T5VM_RegisterCycleTime
                0x18285d9c                T5VM_GetNbTask
                0x18285da8                T5VM_GetTaskName
                0x18285dc4                T5VM_FindTask
                0x18285e60                T5VM_ShutDown
                0x18285f08                T5VM_Cycle
                0x182860fc                T5VM_OpenModbus
                0x18286104                T5VM_CloseModbus
                0x18286108                T5VM_ActivateModbus
                0x1828610c                T5VM_ExchangeModbusData
                0x18286110                T5VM_ExchangeModbusDataServer
                0x18286114                T5VM_ExchangeModbusDataClient
                0x18286118                T5VM_ServeModbus
                0x18286120                T5VM_OpenExtData
                0x18286128                T5VM_CloseExtData
                0x1828612c                T5VM_UpdateExtData
 .text          0x18286130        0x0 ../Release/Sources/APP/CORE/VM/standard/t5vmbsmp.o
 .text          0x18286130     0x13c8 ../Release/Sources/APP/CORE/VM/standard/t5vmcan.o
                0x182861c8                T5VMCan_GetDBSize
                0x1828624c                T5VMCan_CanBuildHot
                0x182862b8                T5VMCan_Build
                0x182867b0                T5VMCan_BuildHot
                0x182867f0                T5VMCan_Close
                0x18286874                T5VMCan_Exchange
                0x18287328                T5VMCan_PeekNextSndMsg
                0x18287330                T5VMCan_PopNextSndMsg
                0x18287360                T5VMCan_FindRcvMsg
                0x182873b8                T5VMCan_MarkRcvMsg
                0x18287414                T5VMCan_CB
                0x18287474                T5VMCan_GetSndMsgList
                0x1828748c                T5VMCan_GetRcvMsgList
                0x182874a4                T5VMCan_SendAppMsg
                0x182874ac                T5VMCan_RcvAppMsg
                0x182874b4                T5stfb_CANRCVMSG
 .text          0x182874f8     0x107c ../Release/Sources/APP/CORE/VM/standard/t5vmcnv.o
                0x182874f8                T5VMCnv_Convert
                0x18287ec0                T5VMCnv_ConvBin
                0x182882e0                T5VMCnv_NumToSZPtr
                0x1828841c                T5VMCnv_NumToSZ
                0x18288448                T5VMCnv_SZToNumPtr
                0x18288548                T5VMCnv_SZToNum
 .text          0x18288574     0x1038 ../Release/Sources/APP/CORE/VM/standard/t5vmcode.o
                0x18288574                T5VMCode_CheckCode
                0x18288604                T5VMCode_GetPassword
                0x1828861c                T5VMCode_CanUpdateStatus
                0x1828865c                T5VMCode_UpdateStatus
                0x182886bc                T5VMCode_GetFullBuildStamp
                0x182886cc                T5VMCode_GetSfcCrc
                0x182886dc                T5VMCode_GetNbProg
                0x182886f0                T5VMCode_GetNbProgAlloc
                0x18288720                T5VMCode_GetNbProgWithStack
                0x18288758                T5VMCode_GetCallStackSize
                0x18288770                T5VMCode_GetCallStackAllocSize
                0x18288798                T5VMCode_SetProgramPointers
                0x18288860                T5VMCode_GetNbLockFlags
                0x182888b4                T5VMCode_GetNbData8
                0x182888c8                T5VMCode_GetData8Sizing
                0x182888fc                T5VMCode_ApplyData8Init
                0x18288950                T5VMCode_GetNbData16
                0x18288968                T5VMCode_GetData16Sizing
                0x1828899c                T5VMCode_ApplyData16Init
                0x182889f8                T5VMCode_GetNbData32
                0x18288a10                T5VMCode_GetData32Sizing
                0x18288a44                T5VMCode_ApplyData32Init
                0x18288a9c                T5VMCode_GetNbActiveTime
                0x18288ab4                T5VMCode_GetNbTime
                0x18288acc                T5VMCode_GetTimeSizing
                0x18288b00                T5VMCode_ApplyTimeInit
                0x18288b58                T5VMCode_GetNbFBInstance
                0x18288b6c                T5VMCode_GetInstanceList
                0x18288b7c                T5VMCode_GetClassList
                0x18288b94                T5VMCode_GetWishedFBIRawSize
                0x18288ba4                T5VMCode_GetNbData64
                0x18288bbc                T5VMCode_GetData64Sizing
                0x18288bf0                T5VMCode_ApplyData64Init
                0x18288bf8                T5VMCode_GetNbCustomFunc
                0x18288c0c                T5VMCode_GetCustomFuncList
                0x18288c24                T5VMCode_GetNbString
                0x18288c88                T5VMCode_GetStringSizing
                0x18288cbc                T5VMCode_SetStringPointers
                0x18288d44                T5VMCode_ApplyStringInit
                0x18288dc8                T5VMCode_GetNbStep
                0x18288de0                T5VMCode_GetNbTrans
                0x18288df8                T5VMCode_GetVarTypeList
                0x18288e0c                T5VMCode_GetIODef
                0x18288e18                T5VMCode_GetPublishedList
                0x18288e24                T5VMCode_GetAppName
                0x18288e30                T5VMCode_GetNbXV
                0x18288e48                T5VMCode_GetXVSizing
                0x18288e78                T5VMCode_SetXVPointers
                0x18288f44                T5VMCode_BuildTaskList
                0x18288fc8                T5VMCode_CanHOTBuildTaskList
                0x18289004                T5VMCode_MBClientConfig
                0x1828900c                T5VMCode_AsiConfig
                0x18289014                T5VMCode_StaticEvents
                0x1828901c                T5VMCode_GetEAX
                0x18289024                T5VMCode_GetBusDrv
                0x18289044                T5VMCode_GetBusIOList
                0x18289064                T5VMCode_GetNbIOs
                0x1828909c                T5VMCode_IsCCPure
                0x182890bc                T5VMCode_GetCTSegDef
                0x182890f4                T5VMCode_GetCTTypeDef
                0x1828912c                T5VMCode_GetCTSegAllocSize
                0x18289140                T5VMCode_InitiateStatus
                0x182892a0                T5VMCode_GetCTSegUsedSize
                0x182892b4                T5VMCode_ApplyCTSegInit
                0x18289340                T5VMCode_GetRecipes
                0x18289360                T5VMCode_GetVLsts
                0x18289380                T5VMCode_GetDefStringTable
                0x182893b4                T5VMCode_GetStringTable
                0x18289400                T5VMCode_GetSignal
                0x1828944c                T5VMCode_GetCanDef
                0x1828946c                T5VMCode_GetHeapSize
                0x18289488                T5VMCode_AllocHeap
                0x18289514                T5VMCode_GetITs
                0x18289534                T5VMCode_GetITCount
                0x1828955c                T5VMCode_IsCodeDebug
                0x1828957c                T5VMCode_GetInstanceNames
 .text          0x182895ac     0x171c ../Release/Sources/APP/CORE/VM/standard/t5vmfbl.o
                0x182895ac                T5VMFbl_null
                0x182897e4                T5VMFCust_null
                0x182898bc                T5VMFbl_List
                0x1828a39c                T5VMFbl_GetNbClass
                0x1828a3d4                T5VMFbl_GetClassDataSize
                0x1828a40c                T5VMFbl_GetInstanceDataSizeExact
                0x1828a510                T5VMFbl_GetInstanceDataSize
                0x1828a534                T5VMFbl_Link
                0x1828a6a8                T5VMFbl_InitInstances
                0x1828a8cc                T5VMFbl_InitNewInstances
                0x1828a974                T5VMFbl_ShutDown
                0x1828aa0c                T5VMFbl_KeepAlive
                0x1828aa6c                T5VMFbl_InitCustomFunctions
                0x1828abe8                T5VMFbl_GetInstanceCount
 .text          0x1828acc8      0x3fc ../Release/Sources/APP/CORE/VM/standard/t5vmiox.o
                0x1828acc8                T5IOX_WriteChanBool
                0x1828acf8                T5IOX_ReadChanBool
                0x1828ad18                T5IOX_WriteChanSint
                0x1828ad48                T5IOX_ReadChanSint
                0x1828ad6c                T5IOX_WriteChanInt
                0x1828ada8                T5IOX_ReadChanInt
                0x1828add0                T5IOX_WriteChanDint
                0x1828ae34                T5IOX_ReadChanDint
                0x1828ae88                T5IOX_WriteChanReal
                0x1828aeec                T5IOX_ReadChanReal
                0x1828af40                T5IOX_WriteChanBinString
                0x1828afbc                T5IOX_WriteChanCString
                0x1828b04c                T5IOX_ReadChanBinString
                0x1828b080                T5IOX_ReadChanCString
 .text          0x1828b0c4      0x248 ../Release/Sources/APP/CORE/VM/standard/t5vmlog.o
                0x1828b0c4                T5VMLog_Push
                0x1828b110                T5VMLog_PushSys
                0x1828b148                T5VMLog_Pop
                0x1828b1f4                T5VMLog_PopSys
                0x1828b254                T5VMLog_RegisterUnresolved
                0x1828b2f0                T5VMLog_GetUnresolved
 .text          0x1828b30c     0x1a30 ../Release/Sources/APP/CORE/VM/standard/t5vmmap.o
                0x1828b354                T5VMMap_GetSizing
                0x1828b3f0                T5VMMap_CanHotRestart
                0x1828b474                T5VMMap_Build
                0x1828b6cc                T5VMMap_HotRestart
                0x1828b7b8                T5Map_GetByIndex
                0x1828b870                T5Map_GetByNumTag
                0x1828b8a4                T5Map_GetBySymbol
                0x1828b8f0                T5Map_GetSymbol
                0x1828b918                T5Map_GetDescLength
                0x1828b998                T5Map_GetDesc
                0x1828bb0c                T5Map_GetIndex
                0x1828bb24                T5Map_GetType
                0x1828bb3c                T5Map_GetDim
                0x1828bb60                T5Map_GetStringLenth
                0x1828bb88                T5Map_GetNumTag
                0x1828bba0                T5Map_GetProps
                0x1828bbfc                T5Map_GetPropsSize
                0x1828bc68                T5Map_GetTypeInfo
                0x1828bcbc                T5Map_GetProfileName
                0x1828bd08                T5Map_IsLocked
                0x1828bd74                T5Map_CheckPointer
                0x1828bdc0                T5Map_GetFirst
                0x1828bdec                T5Map_GetNext
                0x1828be54                T5Map_GetLongValue
                0x1828bf08                T5Map_GetDWordValue
                0x1828bfbc                T5Map_GetRealValue
                0x1828c080                T5Map_GetStringValue
                0x1828c0b0                T5Map_SetLongValue
                0x1828c178                T5Map_SetDWordValue
                0x1828c240                T5Map_SetRealValue
                0x1828c35c                T5Map_SetStringValue
                0x1828c3c4                T5Map_SetXVAddress
                0x1828c4d0                T5Map_GetTypeName
                0x1828c638                T5Map_GetVSI
                0x1828c658                T5Map_GetVSIBit
                0x1828c6b0                T5Map_SetVSIBit
                0x1828c714                T5Map_ResetSetVSIBits
                0x1828c74c                T5Map_GetVSIDate
                0x1828c778                T5Map_SetVSIDate
                0x1828c7ac                T5Map_GetVSITime
                0x1828c7d8                T5Map_SetVSITime
                0x1828c80c                T5Map_StampVSI
                0x1828c848                T5Map_StampVSIGMT
                0x1828c888                T5Map_CopyVSI
                0x1828c924                T5Map_GetByData
                0x1828c980                T5Map_GetVSIByData
                0x1828c998                T5Map_IsArrayOfSingleVar
 .text          0x1828cd3c      0x868 ../Release/Sources/APP/CORE/VM/standard/t5vmprg.o
                0x1828cd3c                T5VMPrg_ActivateAllPrograms
                0x1828cda4                T5VMPrg_ActivateNewPrograms
                0x1828ce00                T5VMPrg_Execute
                0x1828cf04                T5VMPrg_Call
                0x1828cf98                T5VMPrg_Task
                0x1828d100                T5VMPrg_ProcessExecBuffer
                0x1828d134                T5VMPrg_SetBreakpoint
                0x1828d284                T5VMPrg_IsBreakpoint
                0x1828d450                T5VMPrg_SaveCallStack
                0x1828d4cc                T5VMPrg_RestoreCallStack
                0x1828d550                T5VMPrg_HasBreapointOrStep
 .text          0x1828d5a4      0x26c ../Release/Sources/APP/CORE/VM/standard/t5vmrsc.o
                0x1828d5a4                T5VMRsc_GetFreeItem
                0x1828d5ec                T5VMRsc_FindData
                0x1828d648                T5VMRsc_Exist
                0x1828d68c                T5VMRsc_FindArray
                0x1828d6ec                T5VMRsc_FindSocket
                0x1828d754                T5VMRsc_FreeAll
                0x1828d7a0                T5Param_Get
 .text          0x1828d810     0x180c ../Release/Sources/APP/CORE/VM/standard/t5vmsrv.o
                0x1828d810                T5VM_Execute
                0x1828d8a0                T5VM_ReadObjects
                0x1828ed60                T5VM_SrvPollTable
                0x1828eea0                T5VM_ServeEx
                0x1828f014                T5VM_Serve
 .text          0x1828f01c     0x3ff8 ../Release/Sources/APP/CORE/VM/standard/t5vmstf.o
                0x18292fac                T5VMStf_Execute
 .text          0x18293014     0x3f44 ../Release/Sources/APP/CORE/VM/standard/t5vmstfb.o
                0x182931b8                T5stfb_R_TRIG
                0x18293250                T5stfb_F_TRIG
                0x182932c8                T5stfb_RS
                0x1829334c                T5stfb_SR
                0x182933d0                T5stfb_CTU
                0x182934a0                T5stfb_CTD
                0x18293568                T5stfb_CTUD
                0x182936a0                T5stfb_CMP
                0x18293778                T5stfb_SEMA
                0x18293810                T5stfb_TON
                0x1829392c                T5stfb_TOF
                0x18293a48                T5stfb_TP
                0x18293b78                T5stfb_BLINK
                0x18293c78                T5stfb_STACKINT
                0x18293e3c                T5stfb_AVERAGE
                0x18293ea0                T5stfb_HYSTER
                0x18293f5c                T5stfb_LIM_ALRM
                0x182940b8                T5stfb_INTEGRAL
                0x18294208                T5stfb_DERIVATE
                0x182943a0                T5stfb_SIG_GEN
                0x18294578                T5stfb_SERIO
                0x18294770                T5stfb_SERIO_B
                0x18294970                T5stfb_UNPACK8
                0x182949e0                T5stfb_TOFR
                0x18294b3c                T5stfb_TPR
                0x18294cb0                T5stfb_PLS
                0x18294db8                T5stfb_FLIPFLOP
                0x18294e60                T5stfb_RAMP
                0x18295090                T5stfb_BLINKA
                0x182951ac                T5stfb_DTAT
                0x182952ec                T5stfb_DTEVERY
                0x18295448                T5stfb_FIFO
                0x1829570c                T5stfb_LIFO
                0x182959d0                T5stfb_ALARM_M
                0x18295ac4                T5stfb_ALARM_A
                0x18295bb4                T5stfb_TMU
                0x18295d00                T5stfb_TMD
                0x18295e54                T5stfb_TMUSEC
                0x18295f8c                T5stfb_MBSLAVERTU_hnd
                0x18296090                T5stfb_MBSLAVERTU
                0x182960b4                T5stfb_MBSLAVERTUEX
                0x182960d8                T5stfb_MBSLAVERTUEXD
                0x182960fc                T5stfb_GetSignal
                0x18296140                T5stfb_GetSigVal
                0x18296298                T5stfb_SIGPLAY
                0x182964e0                T5stfb_ISFCSTEP
                0x1829654c                T5stfb_ISFCINITSTEP
                0x182965c4                T5stfb_CURVELIN
                0x182968bc                T5stfb_SURFLIN
                0x18296db0                T5stfb_DTCURDATETIME
 .text          0x18296f58     0x179c ../Release/Sources/APP/CORE/VM/standard/t5vmstr.o
                0x18296f98                T5VMStr_AscForce
                0x18296ff0                T5VMStr_AscForceC
                0x18297074                T5VMStr_Force
                0x182970d8                T5VMStr_Copy
                0x182970e8                T5VMStr_CopyPtr
                0x18297148                T5VMStr_DBForcePtr
                0x18297194                T5VMStr_DBForce
                0x182971a4                T5VMStr_Cat
                0x18297238                T5VMStr_Compare
                0x182972d8                T5VMStr_ItoA
                0x18297344                T5VMStr_BootoA
                0x18297378                T5VMStr_TmrtoA
                0x1829737c                T5VMStr_UtoA
                0x18297414                T5VMStr_UtoSZ
                0x182974a8                T5VMStr_AtoI
                0x182974dc                T5VMStr_AtoUL
                0x18297554                T5VMStr_IsEmpty
                0x1829756c                T5VMStr_FtoA
                0x182975e4                T5VMStr_AtoF
                0x1829761c                T5VMStr_Empty
                0x18297634                T5VMStr_Ascii
                0x18297664                T5VMStr_Char
                0x18297688                T5VMStr_GetLength
                0x18297698                T5VMStr_GetMaxLength
                0x182976a8                T5VMStr_Left
                0x1829772c                T5VMStr_Right
                0x182977bc                T5VMStr_Mid
                0x1829786c                T5VMStr_Delete
                0x18297940                T5VMStr_Insert
                0x18297a24                T5VMStr_Find
                0x18297ab8                T5VMStr_GetText
                0x18297ac8                T5VMStr_AtoH
                0x18297b4c                T5VMStr_HtoA
                0x18297c28                T5VMStr_Crc16
                0x18297c88                T5VMStr_ToD8
                0x18297ce4                T5VMStr_FromD8
                0x18297d50                T5VMStr_ToD16
                0x18297db0                T5VMStr_FromD16
                0x18297e20                T5VMStr_ToD32
                0x18297e78                T5VMStr_FromD32
                0x18297ee8                T5VMStr_DateFmt
                0x182980ec                T5VMStr_NumToStr
                0x18298610                T5VMStr_ICmp
                0x18298678                T5VMStr_NICmp
 .text          0x182986f4     0x432c ../Release/Sources/APP/CORE/VM/standard/t5vmtic.o
                0x182986f4                T5VMTic_Init
                0x182986f8                T5VMTic_Exit
                0x182986fc                T5VMTic_GetCTSegItem
                0x182987f0                T5VMTic_SetCTSegItem
                0x18298894                T5VMTic_CTMemcpy
                0x182988d8                T5VMTic_SetSfcBreakS
                0x18298928                T5VMTic_SetSfcBreakT
                0x1829896c                T5VMTic_ExeCtrl
                0x18298970                T5VMTic_LockVar
                0x182989b0                T5VMTic_UnlockVar
                0x182989fc                T5VMTic_UnlockAllVars
                0x18298a4c                T5VMTic_Run
 .text          0x1829ca20      0x1ec ../Release/Sources/APP/CORE/VM/standard/t5vmtmr.o
                0x1829ca20                T5VMTmr_StartTimer
                0x1829ca94                T5VMTmr_StopTimer
                0x1829cb3c                T5VMTmr_UpdateTimers
                0x1829cbb8                T5VMTmr_HotRestartTimers
 .text          0x1829cc0c      0x270 ../Release/Sources/APP/CORE/VM/standard/t5vmwarm.o
                0x1829cc0c                T5VMWarm_PrepareData
                0x1829cd28                T5VMWarm_CanUpdatePointers
                0x1829cd54                T5VMWarm_UpdatePointers
                0x1829cde8                T5VMWarm_Load
                0x1829cdf4                T5VMWarm_CanLoad
                0x1829ce0c                T5VMWarm_CanStore
                0x1829ce4c                T5VMWarm_ShutDown
                0x1829ce58                T5VMWarm_CycleExchange
                0x1829ce64                T5VMWarm_SaveToFile
                0x1829ce6c                T5VMWarm_LoadFromFile
                0x1829ce74                T5VMWarm_CheckFile
 .text          0x1829ce7c     0x1130 ../Release/Sources/APP/CORE/VM/standard/t5barray.o
                0x1829ce7c                _ARSTRCMP
                0x1829cf0c                ARCOUNT
                0x1829d138                ARFIND
                0x1829d35c                ARFILL
                0x1829d514                _ARMIN_STRING
                0x1829d5e0                ARMIN
                0x1829d838                _ARMAX_STRING
                0x1829d900                ARMAX
                0x1829db58                _ARSORT_STRING
                0x1829dc50                ARSORT
 .text          0x1829dfac      0x614 ../Release/Sources/APP/COM/DIAG/CustomDiag.o
                0x1829dfac                usMNVDM_eCRC16_Calc
                0x1829e020                vCDiag_UpdateDefaultParam_exe
                0x1829e118                vApp_CustomDiagInit
                0x1829e1e4                iCDiag_ProcessReadIdentification_Exe
                0x1829e2b8                iADiag_iReadApplicationParameter_Exe
                0x1829e3e8                iCDiag_iReadDataByLocalId_Exe
                0x1829e42c                iADiag_iWriteApplicationParameter_Exe
                0x1829e544                iCDiag_iWriteDataByLocalId_Exe
                0x1829e588                iApp_CustomDiag
 .text          0x1829e5c0      0x32c ../Release/Sources/APP/COM/diag_app/diag_app.o
                0x1829e5c0                vADiag_eInit_Exe
                0x1829e5c4                s32ADiag_eRDBI_Exe
                0x1829e8e4                s32ADiag_eWDBI_Exe
 .text          0x1829e8ec      0xee0 ../Release/Sources/APP/COM/J1939/T5_J1939.o
                0x1829e8ec                vT5_J1939_eNwmCallBack_Exe
                0x1829e8f0                s16T5_J1939_SetAllMessageStatus_exe
                0x1829e98c                s16T5_J1939_InitInstance_exe
                0x1829ea88                vT5_J1939_DecodeIdent
                0x1829ead4                pT5_J1939_FindMsg
                0x1829eba8                vT5_J1939_eReqCallBack_Exe
                0x1829eca8                vT5_J1939_eRxCallBack_Exe
                0x1829ed5c                vT5_J1939_eErrCallBack_Exe
                0x1829ee3c                ptbyteT5_J1939_OemAlloc
                0x1829ee94                s16T5_J1939_Register_Messages_exe
                0x1829f0f4                s16T5_J1939_ActivateAllCyclicTxPGNs_exe
                0x1829f1b4                vT5_J1939_AddrClaim_exe
                0x1829f2c4                vT5_J1939_PreOpen
                0x1829f360                retT5_J1939_Open
                0x1829f3d8                vT5_J1939_PostClose
                0x1829f3dc                vT5_J1939_Close
                0x1829f3e0                vT5_J1939_OnPreExchange
                0x1829f578                vT5_J1939_OnPostExchange
                0x1829f758                boolT5_J1939_GetBusOffFlag
                0x1829f760                dwordT5_J1939_GetErrors
                0x1829f768                vT5_J1939_OnSpcOut
 .text          0x1829f7cc       0x84 ../Release/Sources/APP/BLOCKS/Dtc/Dtc_Clr.o
                0x1829f7cc                DTC_CLR
 .text          0x1829f850       0x64 ../Release/Sources/APP/BLOCKS/Dtc/Dtc_List.o
                0x1829f850                DTC_LIST
 .text          0x1829f8b4       0xe8 ../Release/Sources/APP/BLOCKS/Dtc/Dtc_Rd.o
                0x1829f8b4                DTC_RD
 .text          0x1829f99c       0x8c ../Release/Sources/APP/BLOCKS/Dtc/Dtc_Wr.o
                0x1829f99c                DTC_WR
 .text          0x1829fa28      0x11c ../Release/Sources/APP/BLOCKS/J1939/FB_J1939_Status.o
                0x1829fa28                J1939_STATUS
 .text          0x1829fb44       0x64 ../Release/Sources/APP/BLOCKS/LIN/Lin_Init.o
                0x1829fb44                LIN_INIT
 .text          0x1829fba8       0xa0 ../Release/Sources/APP/BLOCKS/LIN/Lin_RdData.o
                0x1829fba8                LIN_RDDATA
 .text          0x1829fc48       0x74 ../Release/Sources/APP/BLOCKS/LIN/Lin_RqFrame.o
                0x1829fc48                LIN_RQFRAME
 .text          0x1829fcbc       0x94 ../Release/Sources/APP/BLOCKS/LIN/Lin_Tx.o
                0x1829fcbc                LIN_TX
 .text          0x1829fd50        0x0 ../Release/Sources/APP/BLOCKS/LIN/Lin_GetStatus.o
 .text          0x1829fd50      0x2a8 ../Release/Sources/APP/BLOCKS/Param/Param_Rd.o
                0x1829fd50                PARAM_RD
 .text          0x1829fff8      0x200 ../Release/Sources/APP/BLOCKS/Param/Param_Wr.o
                0x1829fff8                PARAM_WR
 .text          0x182a01f8       0x70 ../Release/Sources/APP/BLOCKS/Sleep/SleepCmd.o
                0x182a01f8                SLEEP
 .text          0x182a0268      0x144 ../Release/Sources/APP/BLOCKS/RTC/Rtc_Rd.o
                0x182a0268                RTC_RD
 .text          0x182a03ac      0x178 ../Release/Sources/APP/BLOCKS/RTC/Rtc_Wr.o
                0x182a03ac                RTC_WR
 .text          0x182a0524      0x188 ../Release/Sources/APP/BLOCKS/SpecifCalib/SpecifCalib_Rd.o
                0x182a0524                SPECIFCALIB_RD
 .text          0x182a06ac      0x1ac ../Release/Sources/APP/BLOCKS/SpecifCalib/SpecifCalib_Wr.o
                0x182a06ac                SPECIFCALIB_WR
 .text          0x182a0858      0x158 ../Release/Sources/APP/BLOCKS/RTC/Rtc_Timer_Rd.o
                0x182a0858                RTC_TIMER_RD
 .text          0x182a09b0       0xb0 ../Release/Sources/APP/BLOCKS/RTC/Rtc_Timer_Wr.o
                0x182a09b0                RTC_TIMER_WR
 .text          0x182a0a60       0xf8 ../Release/Sources/APP/BLOCKS/RTC/Rtc_Timer_Clr.o
                0x182a0a60                RTC_TIMER_CLR
 .text          0x182a0b58      0x1cc ../Release/Sources/APP/BLOCKS/RTC/Rtc_Alarm_Rd.o
                0x182a0b58                RTC_ALARM_RD
 .text          0x182a0d24      0x184 ../Release/Sources/APP/BLOCKS/RTC/Rtc_Alarm_Wr.o
                0x182a0d24                RTC_ALARM_WR
 .text          0x182a0ea8       0xf8 ../Release/Sources/APP/BLOCKS/RTC/Rtc_Alarm_Clr.o
                0x182a0ea8                RTC_ALARM_CLR
 .text          0x182a0fa0       0xfc ../Release/Sources/APP/BLOCKS/BEEP/BeepCmd.o
                0x182a0fa0                BEEP_VOL
                0x182a0ff4                BEEP_PlayBeep
                0x182a1058                BEEP_STOP
 .text          0x182a109c       0x98 ../Release/Sources/APP/BLOCKS/t5blocks.o
                0x182a109c                T5Blocks_GetFirstID
                0x182a10ac                T5Blocks_GetNextID
                0x182a10e8                T5Blocks_GetName
                0x182a110c                T5Blocks_GetProc
 .text          0x182a1134       0x34 ../Release/Sources/APP/API_WRAPPER/api_wrapper.o
                0x182a1134                vWStraton_iAppQuickTask
                0x182a1138                vWStraton_iAppCustomDiag
                0x182a1140                vWStraton_iActiDebugProcessFrameReceived
                0x182a1144                vWStraton_iActiDebugProTestRx
                0x182a114c                s32WStraton_iDiagWDBI_Exe
                0x182a1150                s32WStraton_iDiagRDBI_Exe
                0x182a1154                vWStraton_iAppMain_Task
                0x182a1158                vWStraton_iInit_Hook
 .text          0x182a1168        0x0 ../Release/Sources/APP/API_WRAPPER/version.o
 .text          0x182a1168       0x5c ../Release/Sources/APP/CORE/base/compiler_specific/asm/initsct.o
                0x182a1168                initsct
 *fill*         0x182a11c4        0x4 
 .text          0x182a11c8      0x490 ../../../compile/GNUARM-RZv13.01-EABI/arm-rz-eabi/arm-rz-eabi/lib/gcc/arm-rz-eabi/4.7-GNUARM-RZ_v13.01\libm.a(lib_a-s_atan.o)
                0x182a11c8                atan
 .text          0x182a1658      0x198 ../../../compile/GNUARM-RZv13.01-EABI/arm-rz-eabi/arm-rz-eabi/lib/gcc/arm-rz-eabi/4.7-GNUARM-RZ_v13.01\libm.a(lib_a-s_ceil.o)
                0x182a1658                ceil
 .text          0x182a17f0       0xf4 ../../../compile/GNUARM-RZv13.01-EABI/arm-rz-eabi/arm-rz-eabi/lib/gcc/arm-rz-eabi/4.7-GNUARM-RZ_v13.01\libm.a(lib_a-s_cos.o)
                0x182a17f0                cos
 .text          0x182a18e4        0x8 ../../../compile/GNUARM-RZv13.01-EABI/arm-rz-eabi/arm-rz-eabi/lib/gcc/arm-rz-eabi/4.7-GNUARM-RZ_v13.01\libm.a(lib_a-s_fabs.o)
                0x182a18e4                fabs
 *fill*         0x182a18ec        0x4 
 .text          0x182a18f0      0x198 ../../../compile/GNUARM-RZv13.01-EABI/arm-rz-eabi/arm-rz-eabi/lib/gcc/arm-rz-eabi/4.7-GNUARM-RZ_v13.01\libm.a(lib_a-s_floor.o)
                0x182a18f0                floor
 .text          0x182a1a88      0x100 ../../../compile/GNUARM-RZv13.01-EABI/arm-rz-eabi/arm-rz-eabi/lib/gcc/arm-rz-eabi/4.7-GNUARM-RZ_v13.01\libm.a(lib_a-s_sin.o)
                0x182a1a88                sin
 .text          0x182a1b88       0x94 ../../../compile/GNUARM-RZv13.01-EABI/arm-rz-eabi/arm-rz-eabi/lib/gcc/arm-rz-eabi/4.7-GNUARM-RZ_v13.01\libm.a(lib_a-s_tan.o)
                0x182a1b88                tan
 .text          0x182a1c1c      0x110 ../../../compile/GNUARM-RZv13.01-EABI/arm-rz-eabi/arm-rz-eabi/lib/gcc/arm-rz-eabi/4.7-GNUARM-RZ_v13.01\libm.a(lib_a-w_acos.o)
                0x182a1c1c                acos
 .text          0x182a1d2c      0x110 ../../../compile/GNUARM-RZv13.01-EABI/arm-rz-eabi/arm-rz-eabi/lib/gcc/arm-rz-eabi/4.7-GNUARM-RZ_v13.01\libm.a(lib_a-w_asin.o)
                0x182a1d2c                asin
 .text          0x182a1e3c       0x10 ../../../compile/GNUARM-RZv13.01-EABI/arm-rz-eabi/arm-rz-eabi/lib/gcc/arm-rz-eabi/4.7-GNUARM-RZ_v13.01\libm.a(lib_a-w_atan2.o)
                0x182a1e3c                atan2
 *fill*         0x182a1e4c        0x4 
 .text          0x182a1e50      0x190 ../../../compile/GNUARM-RZv13.01-EABI/arm-rz-eabi/arm-rz-eabi/lib/gcc/arm-rz-eabi/4.7-GNUARM-RZ_v13.01\libm.a(lib_a-w_exp.o)
                0x182a1e50                exp
 .text          0x182a1fe0      0x13c ../../../compile/GNUARM-RZv13.01-EABI/arm-rz-eabi/arm-rz-eabi/lib/gcc/arm-rz-eabi/4.7-GNUARM-RZ_v13.01\libm.a(lib_a-w_fmod.o)
                0x182a1fe0                fmod
 .text          0x182a211c      0x17c ../../../compile/GNUARM-RZv13.01-EABI/arm-rz-eabi/arm-rz-eabi/lib/gcc/arm-rz-eabi/4.7-GNUARM-RZ_v13.01\libm.a(lib_a-w_log10.o)
                0x182a211c                log10
 .text          0x182a2298      0x17c ../../../compile/GNUARM-RZv13.01-EABI/arm-rz-eabi/arm-rz-eabi/lib/gcc/arm-rz-eabi/4.7-GNUARM-RZ_v13.01\libm.a(lib_a-w_log.o)
                0x182a2298                log
 .text          0x182a2414      0x500 ../../../compile/GNUARM-RZv13.01-EABI/arm-rz-eabi/arm-rz-eabi/lib/gcc/arm-rz-eabi/4.7-GNUARM-RZ_v13.01\libm.a(lib_a-w_pow.o)
                0x182a2414                pow
 .text          0x182a2914      0x128 ../../../compile/GNUARM-RZv13.01-EABI/arm-rz-eabi/arm-rz-eabi/lib/gcc/arm-rz-eabi/4.7-GNUARM-RZ_v13.01\libm.a(lib_a-w_sqrt.o)
                0x182a2914                sqrt
 *fill*         0x182a2a3c        0x4 
 .text          0x182a2a40      0x668 ../../../compile/GNUARM-RZv13.01-EABI/arm-rz-eabi/arm-rz-eabi/lib/gcc/arm-rz-eabi/4.7-GNUARM-RZ_v13.01\libm.a(lib_a-e_acos.o)
                0x182a2a40                __ieee754_acos
 .text          0x182a30a8      0x5f0 ../../../compile/GNUARM-RZv13.01-EABI/arm-rz-eabi/arm-rz-eabi/lib/gcc/arm-rz-eabi/4.7-GNUARM-RZ_v13.01\libm.a(lib_a-e_asin.o)
                0x182a30a8                __ieee754_asin
 .text          0x182a3698      0x2f0 ../../../compile/GNUARM-RZv13.01-EABI/arm-rz-eabi/arm-rz-eabi/lib/gcc/arm-rz-eabi/4.7-GNUARM-RZ_v13.01\libm.a(lib_a-e_atan2.o)
                0x182a3698                __ieee754_atan2
 .text          0x182a3988      0x440 ../../../compile/GNUARM-RZv13.01-EABI/arm-rz-eabi/arm-rz-eabi/lib/gcc/arm-rz-eabi/4.7-GNUARM-RZ_v13.01\libm.a(lib_a-e_exp.o)
                0x182a3988                __ieee754_exp
 .text          0x182a3dc8      0x340 ../../../compile/GNUARM-RZv13.01-EABI/arm-rz-eabi/arm-rz-eabi/lib/gcc/arm-rz-eabi/4.7-GNUARM-RZ_v13.01\libm.a(lib_a-e_fmod.o)
                0x182a3dc8                __ieee754_fmod
 .text          0x182a4108      0x1a8 ../../../compile/GNUARM-RZv13.01-EABI/arm-rz-eabi/arm-rz-eabi/lib/gcc/arm-rz-eabi/4.7-GNUARM-RZ_v13.01\libm.a(lib_a-e_log10.o)
                0x182a4108                __ieee754_log10
 .text          0x182a42b0      0x5c0 ../../../compile/GNUARM-RZv13.01-EABI/arm-rz-eabi/arm-rz-eabi/lib/gcc/arm-rz-eabi/4.7-GNUARM-RZ_v13.01\libm.a(lib_a-e_log.o)
                0x182a42b0                __ieee754_log
 .text          0x182a4870     0x1000 ../../../compile/GNUARM-RZv13.01-EABI/arm-rz-eabi/arm-rz-eabi/lib/gcc/arm-rz-eabi/4.7-GNUARM-RZ_v13.01\libm.a(lib_a-e_pow.o)
                0x182a4870                __ieee754_pow
 .text          0x182a5870      0x658 ../../../compile/GNUARM-RZv13.01-EABI/arm-rz-eabi/arm-rz-eabi/lib/gcc/arm-rz-eabi/4.7-GNUARM-RZ_v13.01\libm.a(lib_a-e_rem_pio2.o)
                0x182a5870                __ieee754_rem_pio2
 .text          0x182a5ec8      0x23c ../../../compile/GNUARM-RZv13.01-EABI/arm-rz-eabi/arm-rz-eabi/lib/gcc/arm-rz-eabi/4.7-GNUARM-RZ_v13.01\libm.a(lib_a-e_sqrt.o)
                0x182a5ec8                __ieee754_sqrt
 *fill*         0x182a6104        0x4 
 .text          0x182a6108      0x348 ../../../compile/GNUARM-RZv13.01-EABI/arm-rz-eabi/arm-rz-eabi/lib/gcc/arm-rz-eabi/4.7-GNUARM-RZ_v13.01\libm.a(lib_a-k_cos.o)
                0x182a6108                __kernel_cos
 .text          0x182a6450      0xba0 ../../../compile/GNUARM-RZv13.01-EABI/arm-rz-eabi/arm-rz-eabi/lib/gcc/arm-rz-eabi/4.7-GNUARM-RZ_v13.01\libm.a(lib_a-k_rem_pio2.o)
                0x182a6450                __kernel_rem_pio2
 .text          0x182a6ff0      0x220 ../../../compile/GNUARM-RZv13.01-EABI/arm-rz-eabi/arm-rz-eabi/lib/gcc/arm-rz-eabi/4.7-GNUARM-RZ_v13.01\libm.a(lib_a-k_sin.o)
                0x182a6ff0                __kernel_sin
 .text          0x182a7210      0x570 ../../../compile/GNUARM-RZv13.01-EABI/arm-rz-eabi/arm-rz-eabi/lib/gcc/arm-rz-eabi/4.7-GNUARM-RZ_v13.01\libm.a(lib_a-k_tan.o)
                0x182a7210                __kernel_tan
 .text          0x182a7780       0x10 ../../../compile/GNUARM-RZv13.01-EABI/arm-rz-eabi/arm-rz-eabi/lib/gcc/arm-rz-eabi/4.7-GNUARM-RZ_v13.01\libm.a(lib_a-s_finite.o)
                0x182a7780                finite
 .text          0x182a7790       0x6c ../../../compile/GNUARM-RZv13.01-EABI/arm-rz-eabi/arm-rz-eabi/lib/gcc/arm-rz-eabi/4.7-GNUARM-RZ_v13.01\libm.a(lib_a-s_fpclassify.o)
                0x182a7790                __fpclassifyd
 .text          0x182a77fc        0x0 ../../../compile/GNUARM-RZv13.01-EABI/arm-rz-eabi/arm-rz-eabi/lib/gcc/arm-rz-eabi/4.7-GNUARM-RZ_v13.01\libm.a(lib_a-s_lib_ver.o)
 .text          0x182a77fc        0x8 ../../../compile/GNUARM-RZv13.01-EABI/arm-rz-eabi/arm-rz-eabi/lib/gcc/arm-rz-eabi/4.7-GNUARM-RZ_v13.01\libm.a(lib_a-s_matherr.o)
                0x182a77fc                matherr
 .text          0x182a7804       0x10 ../../../compile/GNUARM-RZv13.01-EABI/arm-rz-eabi/arm-rz-eabi/lib/gcc/arm-rz-eabi/4.7-GNUARM-RZ_v13.01\libm.a(lib_a-s_nan.o)
                0x182a7804                nan
 .text          0x182a7814      0x1a0 ../../../compile/GNUARM-RZv13.01-EABI/arm-rz-eabi/arm-rz-eabi/lib/gcc/arm-rz-eabi/4.7-GNUARM-RZ_v13.01\libm.a(lib_a-s_rint.o)
                0x182a7814                rint
 *fill*         0x182a79b4        0x4 
 .text          0x182a79b8      0x198 ../../../compile/GNUARM-RZv13.01-EABI/arm-rz-eabi/arm-rz-eabi/lib/gcc/arm-rz-eabi/4.7-GNUARM-RZ_v13.01\libm.a(lib_a-s_scalbn.o)
                0x182a79b8                scalbn
 .text          0x182a7b50       0x20 ../../../compile/GNUARM-RZv13.01-EABI/arm-rz-eabi/arm-rz-eabi/lib/gcc/arm-rz-eabi/4.7-GNUARM-RZ_v13.01\libm.a(lib_a-s_copysign.o)
                0x182a7b50                copysign
 .text          0x182a7b70       0x10 ../../../compile/GNUARM-RZv13.01-EABI/arm-rz-eabi/arm-rz-eabi/lib/gcc/arm-rz-eabi/4.7-GNUARM-RZ_v13.01\libc.a(lib_a-errno.o)
                0x182a7b70                __errno
 .text          0x182a7b80        0x0 ../../../compile/GNUARM-RZv13.01-EABI/arm-rz-eabi/arm-rz-eabi/lib/gcc/arm-rz-eabi/4.7-GNUARM-RZ_v13.01\libc.a(lib_a-impure.o)
 .text          0x182a7b80       0xf4 ../../../compile/GNUARM-RZv13.01-EABI/arm-rz-eabi/arm-rz-eabi/lib/gcc/arm-rz-eabi/4.7-GNUARM-RZ_v13.01\libc.a(lib_a-memcpy-stub.o)
                0x182a7b80                memcpy
 .text          0x182a7c74       0xf8 ../../../compile/GNUARM-RZv13.01-EABI/arm-rz-eabi/arm-rz-eabi/lib/gcc/arm-rz-eabi/4.7-GNUARM-RZ_v13.01\libc.a(lib_a-memset.o)
                0x182a7c74                memset
 .text          0x182a7d6c      0x114 ../../../compile/GNUARM-RZv13.01-EABI/arm-rz-eabi/arm-rz-eabi/lib/gcc/arm-rz-eabi/4.7-GNUARM-RZ_v13.01\libgcc.a(_udivsi3.o)
                0x182a7d6c                __aeabi_uidiv
                0x182a7d6c                __udivsi3
                0x182a7e60                __aeabi_uidivmod
 .text          0x182a7e80      0x148 ../../../compile/GNUARM-RZv13.01-EABI/arm-rz-eabi/arm-rz-eabi/lib/gcc/arm-rz-eabi/4.7-GNUARM-RZ_v13.01\libgcc.a(_divsi3.o)
                0x182a7e80                __divsi3
                0x182a7e80                __aeabi_idiv
                0x182a7fa8                __aeabi_idivmod
 .text          0x182a7fc8        0x4 ../../../compile/GNUARM-RZv13.01-EABI/arm-rz-eabi/arm-rz-eabi/lib/gcc/arm-rz-eabi/4.7-GNUARM-RZ_v13.01\libgcc.a(_dvmd_tls.o)
                0x182a7fc8                __aeabi_idiv0
                0x182a7fc8                __aeabi_ldiv0
 .text          0x182a7fcc      0x41c ../../../compile/GNUARM-RZv13.01-EABI/arm-rz-eabi/arm-rz-eabi/lib/gcc/arm-rz-eabi/4.7-GNUARM-RZ_v13.01\libgcc.a(_arm_addsubdf3.o)
                0x182a7fcc                __aeabi_drsub
                0x182a7fd4                __aeabi_dsub
                0x182a7fd4                __subdf3
                0x182a7fd8                __aeabi_dadd
                0x182a7fd8                __adddf3
                0x182a82e8                __floatunsidf
                0x182a82e8                __aeabi_ui2d
                0x182a830c                __floatsidf
                0x182a830c                __aeabi_i2d
                0x182a8334                __aeabi_f2d
                0x182a8334                __extendsfdf2
                0x182a8374                __floatundidf
                0x182a8374                __aeabi_ul2d
                0x182a8388                __floatdidf
                0x182a8388                __aeabi_l2d
 .text          0x182a83e8      0x49c ../../../compile/GNUARM-RZv13.01-EABI/arm-rz-eabi/arm-rz-eabi/lib/gcc/arm-rz-eabi/4.7-GNUARM-RZ_v13.01\libgcc.a(_arm_muldivdf3.o)
                0x182a83e8                __aeabi_dmul
                0x182a83e8                __muldf3
                0x182a8678                __divdf3
                0x182a8678                __aeabi_ddiv
 .text          0x182a8884      0x144 ../../../compile/GNUARM-RZv13.01-EABI/arm-rz-eabi/arm-rz-eabi/lib/gcc/arm-rz-eabi/4.7-GNUARM-RZ_v13.01\libgcc.a(_arm_cmpdf2.o)
                0x182a8884                __gtdf2
                0x182a8884                __gedf2
                0x182a888c                __ltdf2
                0x182a888c                __ledf2
                0x182a8894                __nedf2
                0x182a8894                __eqdf2
                0x182a8894                __cmpdf2
                0x182a891c                __aeabi_cdrcmple
                0x182a8938                __aeabi_cdcmpeq
                0x182a8938                __aeabi_cdcmple
                0x182a8950                __aeabi_dcmpeq
                0x182a8968                __aeabi_dcmplt
                0x182a8980                __aeabi_dcmple
                0x182a8998                __aeabi_dcmpge
                0x182a89b0                __aeabi_dcmpgt
 .text          0x182a89c8       0x5c ../../../compile/GNUARM-RZv13.01-EABI/arm-rz-eabi/arm-rz-eabi/lib/gcc/arm-rz-eabi/4.7-GNUARM-RZ_v13.01\libgcc.a(_arm_fixdfsi.o)
                0x182a89c8                __aeabi_d2iz
                0x182a89c8                __fixdfsi
 .text          0x182a8a24       0xa0 ../../../compile/GNUARM-RZv13.01-EABI/arm-rz-eabi/arm-rz-eabi/lib/gcc/arm-rz-eabi/4.7-GNUARM-RZ_v13.01\libgcc.a(_arm_truncdfsf2.o)
                0x182a8a24                __truncdfsf2
                0x182a8a24                __aeabi_d2f
 .text          0x182a8ac4      0x2ac ../../../compile/GNUARM-RZv13.01-EABI/arm-rz-eabi/arm-rz-eabi/lib/gcc/arm-rz-eabi/4.7-GNUARM-RZ_v13.01\libgcc.a(_arm_addsubsf3.o)
                0x182a8ac4                __aeabi_frsub
                0x182a8acc                __subsf3
                0x182a8acc                __aeabi_fsub
                0x182a8ad0                __aeabi_fadd
                0x182a8ad0                __addsf3
                0x182a8c8c                __aeabi_ui2f
                0x182a8c8c                __floatunsisf
                0x182a8c94                __aeabi_i2f
                0x182a8c94                __floatsisf
                0x182a8cb4                __aeabi_ul2f
                0x182a8cb4                __floatundisf
                0x182a8cc4                __aeabi_l2f
                0x182a8cc4                __floatdisf
 .text          0x182a8d70      0x2f8 ../../../compile/GNUARM-RZv13.01-EABI/arm-rz-eabi/arm-rz-eabi/lib/gcc/arm-rz-eabi/4.7-GNUARM-RZ_v13.01\libgcc.a(_arm_muldivsf3.o)
                0x182a8d70                __mulsf3
                0x182a8d70                __aeabi_fmul
                0x182a8f08                __aeabi_fdiv
                0x182a8f08                __divsf3
 .text          0x182a9068      0x114 ../../../compile/GNUARM-RZv13.01-EABI/arm-rz-eabi/arm-rz-eabi/lib/gcc/arm-rz-eabi/4.7-GNUARM-RZ_v13.01\libgcc.a(_arm_cmpsf2.o)
                0x182a9068                __gesf2
                0x182a9068                __gtsf2
                0x182a9070                __lesf2
                0x182a9070                __ltsf2
                0x182a9078                __nesf2
                0x182a9078                __eqsf2
                0x182a9078                __cmpsf2
                0x182a90dc                __aeabi_cfrcmple
                0x182a90ec                __aeabi_cfcmpeq
                0x182a90ec                __aeabi_cfcmple
                0x182a9104                __aeabi_fcmpeq
                0x182a911c                __aeabi_fcmplt
                0x182a9134                __aeabi_fcmple
                0x182a914c                __aeabi_fcmpge
                0x182a9164                __aeabi_fcmpgt
 .text          0x182a917c       0x5c ../../../compile/GNUARM-RZv13.01-EABI/arm-rz-eabi/arm-rz-eabi/lib/gcc/arm-rz-eabi/4.7-GNUARM-RZ_v13.01\libgcc.a(_arm_fixsfsi.o)
                0x182a917c                __aeabi_f2iz
                0x182a917c                __fixsfsi
 .text          0x182a91d8       0x54 ../../../compile/GNUARM-RZv13.01-EABI/arm-rz-eabi/arm-rz-eabi/lib/gcc/arm-rz-eabi/4.7-GNUARM-RZ_v13.01\libgcc.a(_arm_fixunssfsi.o)
                0x182a91d8                __fixunssfsi
                0x182a91d8                __aeabi_f2uiz
 *(.text.startup)

.glue_7         0x182a922c        0x0
 .glue_7        0x00000000        0x0 linker stubs

.glue_7t        0x182a922c        0x0
 .glue_7t       0x00000000        0x0 linker stubs

.vfp11_veneer   0x182a922c        0x0
 .vfp11_veneer  0x00000000        0x0 linker stubs

.v4_bx          0x182a922c        0x0
 .v4_bx         0x00000000        0x0 linker stubs

.iplt           0x182a922c        0x0
 .iplt          0x00000000        0x0 ../Release/Sources/APP/CORE/VM/custom/T5ACTIA.o

.rel.dyn        0x182a922c        0x0
 .rel.iplt      0x00000000        0x0 ../Release/Sources/APP/CORE/VM/custom/T5ACTIA.o
 .rel.got       0x00000000        0x0 ../Release/Sources/APP/CORE/VM/custom/T5ACTIA.o

.ARM.extab
 *(.ARM.extab* .gnu.linkonce.armextab.*)

.ARM            0x18080400        0x0
                0x18080400                __exidx_start = .
 *(.ARM.exidx*)
                0x18080400                __exidx_end = .

.rodata         0x182a9230      0x878
 *(.rodata)
 .rodata        0x182a9230        0x2 ../Release/Sources/APP/CORE/VM/standard/t5vmcode.o
 .rodata        0x182a9232        0x2 ../Release/Sources/APP/CORE/VM/standard/t5vmiox.o
 .rodata        0x182a9234       0x11 ../Release/Sources/APP/CORE/VM/standard/t5vmmap.o
 .rodata        0x182a9245        0x2 ../Release/Sources/APP/CORE/VM/standard/t5vmstf.o
 .rodata        0x182a9247        0x2 ../Release/Sources/APP/CORE/VM/standard/t5vmstr.o
 *fill*         0x182a9249        0x7 
 .rodata        0x182a9250       0x40 ../../../compile/GNUARM-RZv13.01-EABI/arm-rz-eabi/arm-rz-eabi/lib/gcc/arm-rz-eabi/4.7-GNUARM-RZ_v13.01\libm.a(lib_a-s_atan.o)
 .rodata        0x182a9290       0x30 ../../../compile/GNUARM-RZv13.01-EABI/arm-rz-eabi/arm-rz-eabi/lib/gcc/arm-rz-eabi/4.7-GNUARM-RZ_v13.01\libm.a(lib_a-e_exp.o)
 .rodata        0x182a92c0       0x10 ../../../compile/GNUARM-RZv13.01-EABI/arm-rz-eabi/arm-rz-eabi/lib/gcc/arm-rz-eabi/4.7-GNUARM-RZ_v13.01\libm.a(lib_a-e_fmod.o)
 .rodata        0x182a92d0       0x30 ../../../compile/GNUARM-RZv13.01-EABI/arm-rz-eabi/arm-rz-eabi/lib/gcc/arm-rz-eabi/4.7-GNUARM-RZ_v13.01\libm.a(lib_a-e_pow.o)
 .rodata        0x182a9300      0x188 ../../../compile/GNUARM-RZv13.01-EABI/arm-rz-eabi/arm-rz-eabi/lib/gcc/arm-rz-eabi/4.7-GNUARM-RZ_v13.01\libm.a(lib_a-e_rem_pio2.o)
 .rodata        0x182a9488       0x50 ../../../compile/GNUARM-RZv13.01-EABI/arm-rz-eabi/arm-rz-eabi/lib/gcc/arm-rz-eabi/4.7-GNUARM-RZ_v13.01\libm.a(lib_a-k_rem_pio2.o)
 .rodata        0x182a94d8       0x10 ../../../compile/GNUARM-RZv13.01-EABI/arm-rz-eabi/arm-rz-eabi/lib/gcc/arm-rz-eabi/4.7-GNUARM-RZ_v13.01\libm.a(lib_a-s_rint.o)
 .rodata        0x182a94e8        0x4 ../../../compile/GNUARM-RZv13.01-EABI/arm-rz-eabi/arm-rz-eabi/lib/gcc/arm-rz-eabi/4.7-GNUARM-RZ_v13.01\libc.a(lib_a-impure.o)
                0x182a94e8                _global_impure_ptr
 *(.rodata.*)
 .rodata.str1.1
                0x182a94ec        0x8 ../Release/Sources/APP/CORE/VM/custom/T5ACTIA.o
 .rodata.str1.1
                0x182a94f4        0x4 ../Release/Sources/APP/CORE/VM/custom/t5ios.o
 .rodata.str1.1
                0x182a94f8       0x15 ../Release/Sources/APP/CORE/VM/custom/t5memory.o
 .rodata.str1.1
                0x182a950d        0x5 ../Release/Sources/APP/CORE/VM/standard/t5heap.o
 .rodata.str1.1
                0x182a9512       0x40 ../Release/Sources/APP/CORE/VM/standard/t5vfs.o
                                 0x55 (size before relaxing)
 .rodata.str1.1
                0x182a9552        0x8 ../Release/Sources/APP/CORE/VM/standard/t5vm.o
 .rodata.str1.1
                0x182a955a        0x7 ../Release/Sources/APP/CORE/VM/standard/t5vmcnv.o
 .rodata.str1.1
                0x182a9561        0xb ../Release/Sources/APP/CORE/VM/standard/t5vmcode.o
 .rodata.str1.1
                0x182a956c      0x15d ../Release/Sources/APP/CORE/VM/standard/t5vmfbl.o
 .rodata.str1.1
                0x182a96c9       0x75 ../Release/Sources/APP/CORE/VM/standard/t5vmmap.o
                                 0xb5 (size before relaxing)
 .rodata.str1.1
                0x182a973e       0x29 ../Release/Sources/APP/CORE/VM/standard/t5vmsrv.o
 .rodata.str1.1
                0x182a9767        0x3 ../Release/Sources/APP/CORE/VM/standard/t5vmstr.o
                                  0xc (size before relaxing)
 .rodata.str1.1
                0x182a976a      0x131 ../Release/Sources/APP/BLOCKS/t5blocks.o
 *fill*         0x182a989b        0x1 
 .rodata.str1.4
                0x182a989c        0x5 ../../../compile/GNUARM-RZv13.01-EABI/arm-rz-eabi/arm-rz-eabi/lib/gcc/arm-rz-eabi/4.7-GNUARM-RZ_v13.01\libm.a(lib_a-w_acos.o)
                                  0xc (size before relaxing)
 *fill*         0x182a98a1        0x3 
 .rodata.str1.4
                0x182a98a4        0x5 ../../../compile/GNUARM-RZv13.01-EABI/arm-rz-eabi/arm-rz-eabi/lib/gcc/arm-rz-eabi/4.7-GNUARM-RZ_v13.01\libm.a(lib_a-w_asin.o)
                                  0xc (size before relaxing)
 *fill*         0x182a98a9        0x3 
 .rodata.str1.4
                0x182a98ac        0x4 ../../../compile/GNUARM-RZv13.01-EABI/arm-rz-eabi/arm-rz-eabi/lib/gcc/arm-rz-eabi/4.7-GNUARM-RZ_v13.01\libm.a(lib_a-w_exp.o)
 .rodata.str1.4
                0x182a98b0        0x5 ../../../compile/GNUARM-RZv13.01-EABI/arm-rz-eabi/arm-rz-eabi/lib/gcc/arm-rz-eabi/4.7-GNUARM-RZ_v13.01\libm.a(lib_a-w_fmod.o)
                                  0x8 (size before relaxing)
 *fill*         0x182a98b5        0x3 
 .rodata.str1.4
                0x182a98b8        0x6 ../../../compile/GNUARM-RZv13.01-EABI/arm-rz-eabi/arm-rz-eabi/lib/gcc/arm-rz-eabi/4.7-GNUARM-RZ_v13.01\libm.a(lib_a-w_log10.o)
                                  0xc (size before relaxing)
 *fill*         0x182a98be        0x2 
 .rodata.str1.4
                0x182a98c0        0x4 ../../../compile/GNUARM-RZv13.01-EABI/arm-rz-eabi/arm-rz-eabi/lib/gcc/arm-rz-eabi/4.7-GNUARM-RZ_v13.01\libm.a(lib_a-w_log.o)
                                  0x8 (size before relaxing)
 .rodata.str1.4
                0x182a98c4        0x4 ../../../compile/GNUARM-RZv13.01-EABI/arm-rz-eabi/arm-rz-eabi/lib/gcc/arm-rz-eabi/4.7-GNUARM-RZ_v13.01\libm.a(lib_a-w_pow.o)
 .rodata.str1.4
                0x182a98c8        0x5 ../../../compile/GNUARM-RZv13.01-EABI/arm-rz-eabi/arm-rz-eabi/lib/gcc/arm-rz-eabi/4.7-GNUARM-RZ_v13.01\libm.a(lib_a-w_sqrt.o)
                                  0x8 (size before relaxing)
 .rodata.str1.4
                0x00000000        0x4 ../../../compile/GNUARM-RZv13.01-EABI/arm-rz-eabi/arm-rz-eabi/lib/gcc/arm-rz-eabi/4.7-GNUARM-RZ_v13.01\libm.a(lib_a-e_pow.o)
 *fill*         0x182a98cd        0x3 
 .rodata.str1.4
                0x182a98d0        0x4 ../../../compile/GNUARM-RZv13.01-EABI/arm-rz-eabi/arm-rz-eabi/lib/gcc/arm-rz-eabi/4.7-GNUARM-RZ_v13.01\libc.a(lib_a-impure.o)
 *(.got.plt)
 .got.plt       0x182a98d4        0xc ../Release/Sources/APP/CORE/VM/custom/T5ACTIA.o
                0x182a98d4                _GLOBAL_OFFSET_TABLE_
 *(.got)
 .got           0x182a98e0      0x1c4 ../Release/Sources/APP/CORE/VM/custom/T5ACTIA.o
                0x182a9aa8                . = ALIGN (0x8)
 *fill*         0x182a9aa4        0x4 
                0x182a9aa8                address_start_data_ROM = .

MON_ZED_VM_SECTION

MON_ZED_MULTICS_SECTION

MON_ZED_POWERXX_SECTION

MON_ZED_SWP_SECTION

MON_ZED_J1939_SECTION

.data           0x2008d000      0x9c0 load address 0x182a9aa8
                0x2008d000                address_start_data_RAM = .
 *(.data)
 .data          0x2008d000        0x0 ../Release/Sources/APP/CORE/VM/custom/T5ACTIA.o
 .data          0x2008d000        0x0 ../Release/Sources/APP/CORE/VM/custom/t5can.o
 .data          0x2008d000        0x0 ../Release/Sources/APP/CORE/VM/custom/t5ddkcip.o
 .data          0x2008d000        0x0 ../Release/Sources/APP/CORE/VM/custom/t5flash.o
 .data          0x2008d000        0x0 ../Release/Sources/APP/CORE/VM/custom/t5ios.o
 .data          0x2008d000        0x0 ../Release/Sources/APP/CORE/VM/custom/t5memory.o
 .data          0x2008d000        0x0 ../Release/Sources/APP/CORE/VM/custom/t5retain.o
 .data          0x2008d000        0x0 ../Release/Sources/APP/CORE/VM/custom/t5rtclk.o
 .data          0x2008d000        0x0 ../Release/Sources/APP/CORE/VM/custom/t5serial.o
 .data          0x2008d000        0x0 ../Release/Sources/APP/CORE/VM/custom/t5socket.o
 .data          0x2008d000        0x0 ../Release/Sources/APP/CORE/VM/standard/t5cs.o
 .data          0x2008d000        0x0 ../Release/Sources/APP/CORE/VM/standard/t5csser.o
 .data          0x2008d000        0x0 ../Release/Sources/APP/CORE/VM/standard/t5cssock.o
 .data          0x2008d000        0x0 ../Release/Sources/APP/CORE/VM/standard/t5def.o
 .data          0x2008d000        0x0 ../Release/Sources/APP/CORE/VM/standard/t5heap.o
 .data          0x2008d000        0x0 ../Release/Sources/APP/CORE/VM/standard/t5mbfb.o
 .data          0x2008d000        0x0 ../Release/Sources/APP/CORE/VM/standard/t5mm.o
 .data          0x2008d000        0x0 ../Release/Sources/APP/CORE/VM/standard/t5tools.o
 .data          0x2008d000        0x0 ../Release/Sources/APP/CORE/VM/standard/t5vfs.o
 .data          0x2008d000        0x0 ../Release/Sources/APP/CORE/VM/standard/t5vm.o
 .data          0x2008d000        0x0 ../Release/Sources/APP/CORE/VM/standard/t5vmbsmp.o
 .data          0x2008d000        0x0 ../Release/Sources/APP/CORE/VM/standard/t5vmcan.o
 .data          0x2008d000        0x0 ../Release/Sources/APP/CORE/VM/standard/t5vmcnv.o
 .data          0x2008d000        0x0 ../Release/Sources/APP/CORE/VM/standard/t5vmcode.o
 .data          0x2008d000        0x0 ../Release/Sources/APP/CORE/VM/standard/t5vmfbl.o
 .data          0x2008d000        0x0 ../Release/Sources/APP/CORE/VM/standard/t5vmiox.o
 .data          0x2008d000        0x0 ../Release/Sources/APP/CORE/VM/standard/t5vmlog.o
 .data          0x2008d000        0x0 ../Release/Sources/APP/CORE/VM/standard/t5vmmap.o
 .data          0x2008d000        0x0 ../Release/Sources/APP/CORE/VM/standard/t5vmprg.o
 .data          0x2008d000        0x0 ../Release/Sources/APP/CORE/VM/standard/t5vmrsc.o
 .data          0x2008d000        0x0 ../Release/Sources/APP/CORE/VM/standard/t5vmsrv.o
 .data          0x2008d000        0x0 ../Release/Sources/APP/CORE/VM/standard/t5vmstf.o
 .data          0x2008d000        0x0 ../Release/Sources/APP/CORE/VM/standard/t5vmstfb.o
 .data          0x2008d000        0x0 ../Release/Sources/APP/CORE/VM/standard/t5vmstr.o
 .data          0x2008d000        0x0 ../Release/Sources/APP/CORE/VM/standard/t5vmtic.o
 .data          0x2008d000        0x0 ../Release/Sources/APP/CORE/VM/standard/t5vmtmr.o
 .data          0x2008d000        0x0 ../Release/Sources/APP/CORE/VM/standard/t5vmwarm.o
 .data          0x2008d000        0x0 ../Release/Sources/APP/CORE/VM/standard/t5barray.o
 .data          0x2008d000        0x0 ../Release/Sources/APP/COM/DIAG/CustomDiag.o
 .data          0x2008d000        0x0 ../Release/Sources/APP/COM/diag_app/diag_app.o
 .data          0x2008d000        0x0 ../Release/Sources/APP/COM/J1939/T5_J1939.o
 .data          0x2008d000        0x0 ../Release/Sources/APP/BLOCKS/Dtc/Dtc_Clr.o
 .data          0x2008d000        0x0 ../Release/Sources/APP/BLOCKS/Dtc/Dtc_List.o
 .data          0x2008d000        0x0 ../Release/Sources/APP/BLOCKS/Dtc/Dtc_Rd.o
 .data          0x2008d000        0x0 ../Release/Sources/APP/BLOCKS/Dtc/Dtc_Wr.o
 .data          0x2008d000        0x0 ../Release/Sources/APP/BLOCKS/J1939/FB_J1939_Status.o
 .data          0x2008d000        0x0 ../Release/Sources/APP/BLOCKS/LIN/Lin_Init.o
 .data          0x2008d000        0x0 ../Release/Sources/APP/BLOCKS/LIN/Lin_RdData.o
 .data          0x2008d000        0x0 ../Release/Sources/APP/BLOCKS/LIN/Lin_RqFrame.o
 .data          0x2008d000        0x0 ../Release/Sources/APP/BLOCKS/LIN/Lin_Tx.o
 .data          0x2008d000        0x0 ../Release/Sources/APP/BLOCKS/LIN/Lin_GetStatus.o
 .data          0x2008d000        0x0 ../Release/Sources/APP/BLOCKS/Param/Param_Rd.o
 .data          0x2008d000        0x0 ../Release/Sources/APP/BLOCKS/Param/Param_Wr.o
 .data          0x2008d000        0x0 ../Release/Sources/APP/BLOCKS/Sleep/SleepCmd.o
 .data          0x2008d000        0x0 ../Release/Sources/APP/BLOCKS/RTC/Rtc_Rd.o
 .data          0x2008d000        0x0 ../Release/Sources/APP/BLOCKS/RTC/Rtc_Wr.o
 .data          0x2008d000        0x0 ../Release/Sources/APP/BLOCKS/SpecifCalib/SpecifCalib_Rd.o
 .data          0x2008d000       0x5a ../Release/Sources/APP/BLOCKS/SpecifCalib/SpecifCalib_Wr.o
                0x2008d000                CalibList
 .data          0x2008d05a        0x0 ../Release/Sources/APP/BLOCKS/RTC/Rtc_Timer_Rd.o
 .data          0x2008d05a        0x0 ../Release/Sources/APP/BLOCKS/RTC/Rtc_Timer_Wr.o
 .data          0x2008d05a        0x0 ../Release/Sources/APP/BLOCKS/RTC/Rtc_Timer_Clr.o
 .data          0x2008d05a        0x0 ../Release/Sources/APP/BLOCKS/RTC/Rtc_Alarm_Rd.o
 .data          0x2008d05a        0x0 ../Release/Sources/APP/BLOCKS/RTC/Rtc_Alarm_Wr.o
 .data          0x2008d05a        0x0 ../Release/Sources/APP/BLOCKS/RTC/Rtc_Alarm_Clr.o
 .data          0x2008d05a        0x0 ../Release/Sources/APP/BLOCKS/BEEP/BeepCmd.o
 .data          0x2008d05a        0x0 ../Release/Sources/APP/BLOCKS/t5blocks.o
 .data          0x2008d05a        0x0 ../Release/Sources/APP/API_WRAPPER/api_wrapper.o
 .data          0x2008d05a        0x0 ../Release/Sources/APP/API_WRAPPER/version.o
 .data          0x2008d05a        0x0 ../Release/Sources/APP/CORE/base/compiler_specific/asm/initsct.o
 .data          0x2008d05a        0x0 ../../../compile/GNUARM-RZv13.01-EABI/arm-rz-eabi/arm-rz-eabi/lib/gcc/arm-rz-eabi/4.7-GNUARM-RZ_v13.01\libm.a(lib_a-s_atan.o)
 .data          0x2008d05a        0x0 ../../../compile/GNUARM-RZv13.01-EABI/arm-rz-eabi/arm-rz-eabi/lib/gcc/arm-rz-eabi/4.7-GNUARM-RZ_v13.01\libm.a(lib_a-s_ceil.o)
 .data          0x2008d05a        0x0 ../../../compile/GNUARM-RZv13.01-EABI/arm-rz-eabi/arm-rz-eabi/lib/gcc/arm-rz-eabi/4.7-GNUARM-RZ_v13.01\libm.a(lib_a-s_cos.o)
 .data          0x2008d05a        0x0 ../../../compile/GNUARM-RZv13.01-EABI/arm-rz-eabi/arm-rz-eabi/lib/gcc/arm-rz-eabi/4.7-GNUARM-RZ_v13.01\libm.a(lib_a-s_fabs.o)
 .data          0x2008d05a        0x0 ../../../compile/GNUARM-RZv13.01-EABI/arm-rz-eabi/arm-rz-eabi/lib/gcc/arm-rz-eabi/4.7-GNUARM-RZ_v13.01\libm.a(lib_a-s_floor.o)
 .data          0x2008d05a        0x0 ../../../compile/GNUARM-RZv13.01-EABI/arm-rz-eabi/arm-rz-eabi/lib/gcc/arm-rz-eabi/4.7-GNUARM-RZ_v13.01\libm.a(lib_a-s_sin.o)
 .data          0x2008d05a        0x0 ../../../compile/GNUARM-RZv13.01-EABI/arm-rz-eabi/arm-rz-eabi/lib/gcc/arm-rz-eabi/4.7-GNUARM-RZ_v13.01\libm.a(lib_a-s_tan.o)
 .data          0x2008d05a        0x0 ../../../compile/GNUARM-RZv13.01-EABI/arm-rz-eabi/arm-rz-eabi/lib/gcc/arm-rz-eabi/4.7-GNUARM-RZ_v13.01\libm.a(lib_a-w_acos.o)
 .data          0x2008d05a        0x0 ../../../compile/GNUARM-RZv13.01-EABI/arm-rz-eabi/arm-rz-eabi/lib/gcc/arm-rz-eabi/4.7-GNUARM-RZ_v13.01\libm.a(lib_a-w_asin.o)
 .data          0x2008d05a        0x0 ../../../compile/GNUARM-RZv13.01-EABI/arm-rz-eabi/arm-rz-eabi/lib/gcc/arm-rz-eabi/4.7-GNUARM-RZ_v13.01\libm.a(lib_a-w_atan2.o)
 .data          0x2008d05a        0x0 ../../../compile/GNUARM-RZv13.01-EABI/arm-rz-eabi/arm-rz-eabi/lib/gcc/arm-rz-eabi/4.7-GNUARM-RZ_v13.01\libm.a(lib_a-w_exp.o)
 .data          0x2008d05a        0x0 ../../../compile/GNUARM-RZv13.01-EABI/arm-rz-eabi/arm-rz-eabi/lib/gcc/arm-rz-eabi/4.7-GNUARM-RZ_v13.01\libm.a(lib_a-w_fmod.o)
 .data          0x2008d05a        0x0 ../../../compile/GNUARM-RZv13.01-EABI/arm-rz-eabi/arm-rz-eabi/lib/gcc/arm-rz-eabi/4.7-GNUARM-RZ_v13.01\libm.a(lib_a-w_log10.o)
 .data          0x2008d05a        0x0 ../../../compile/GNUARM-RZv13.01-EABI/arm-rz-eabi/arm-rz-eabi/lib/gcc/arm-rz-eabi/4.7-GNUARM-RZ_v13.01\libm.a(lib_a-w_log.o)
 .data          0x2008d05a        0x0 ../../../compile/GNUARM-RZv13.01-EABI/arm-rz-eabi/arm-rz-eabi/lib/gcc/arm-rz-eabi/4.7-GNUARM-RZ_v13.01\libm.a(lib_a-w_pow.o)
 .data          0x2008d05a        0x0 ../../../compile/GNUARM-RZv13.01-EABI/arm-rz-eabi/arm-rz-eabi/lib/gcc/arm-rz-eabi/4.7-GNUARM-RZ_v13.01\libm.a(lib_a-w_sqrt.o)
 .data          0x2008d05a        0x0 ../../../compile/GNUARM-RZv13.01-EABI/arm-rz-eabi/arm-rz-eabi/lib/gcc/arm-rz-eabi/4.7-GNUARM-RZ_v13.01\libm.a(lib_a-e_acos.o)
 .data          0x2008d05a        0x0 ../../../compile/GNUARM-RZv13.01-EABI/arm-rz-eabi/arm-rz-eabi/lib/gcc/arm-rz-eabi/4.7-GNUARM-RZ_v13.01\libm.a(lib_a-e_asin.o)
 .data          0x2008d05a        0x0 ../../../compile/GNUARM-RZv13.01-EABI/arm-rz-eabi/arm-rz-eabi/lib/gcc/arm-rz-eabi/4.7-GNUARM-RZ_v13.01\libm.a(lib_a-e_atan2.o)
 .data          0x2008d05a        0x0 ../../../compile/GNUARM-RZv13.01-EABI/arm-rz-eabi/arm-rz-eabi/lib/gcc/arm-rz-eabi/4.7-GNUARM-RZ_v13.01\libm.a(lib_a-e_exp.o)
 .data          0x2008d05a        0x0 ../../../compile/GNUARM-RZv13.01-EABI/arm-rz-eabi/arm-rz-eabi/lib/gcc/arm-rz-eabi/4.7-GNUARM-RZ_v13.01\libm.a(lib_a-e_fmod.o)
 .data          0x2008d05a        0x0 ../../../compile/GNUARM-RZv13.01-EABI/arm-rz-eabi/arm-rz-eabi/lib/gcc/arm-rz-eabi/4.7-GNUARM-RZ_v13.01\libm.a(lib_a-e_log10.o)
 .data          0x2008d05a        0x0 ../../../compile/GNUARM-RZv13.01-EABI/arm-rz-eabi/arm-rz-eabi/lib/gcc/arm-rz-eabi/4.7-GNUARM-RZ_v13.01\libm.a(lib_a-e_log.o)
 .data          0x2008d05a        0x0 ../../../compile/GNUARM-RZv13.01-EABI/arm-rz-eabi/arm-rz-eabi/lib/gcc/arm-rz-eabi/4.7-GNUARM-RZ_v13.01\libm.a(lib_a-e_pow.o)
 .data          0x2008d05a        0x0 ../../../compile/GNUARM-RZv13.01-EABI/arm-rz-eabi/arm-rz-eabi/lib/gcc/arm-rz-eabi/4.7-GNUARM-RZ_v13.01\libm.a(lib_a-e_rem_pio2.o)
 .data          0x2008d05a        0x0 ../../../compile/GNUARM-RZv13.01-EABI/arm-rz-eabi/arm-rz-eabi/lib/gcc/arm-rz-eabi/4.7-GNUARM-RZ_v13.01\libm.a(lib_a-e_sqrt.o)
 .data          0x2008d05a        0x0 ../../../compile/GNUARM-RZv13.01-EABI/arm-rz-eabi/arm-rz-eabi/lib/gcc/arm-rz-eabi/4.7-GNUARM-RZ_v13.01\libm.a(lib_a-k_cos.o)
 .data          0x2008d05a        0x0 ../../../compile/GNUARM-RZv13.01-EABI/arm-rz-eabi/arm-rz-eabi/lib/gcc/arm-rz-eabi/4.7-GNUARM-RZ_v13.01\libm.a(lib_a-k_rem_pio2.o)
 .data          0x2008d05a        0x0 ../../../compile/GNUARM-RZv13.01-EABI/arm-rz-eabi/arm-rz-eabi/lib/gcc/arm-rz-eabi/4.7-GNUARM-RZ_v13.01\libm.a(lib_a-k_sin.o)
 .data          0x2008d05a        0x0 ../../../compile/GNUARM-RZv13.01-EABI/arm-rz-eabi/arm-rz-eabi/lib/gcc/arm-rz-eabi/4.7-GNUARM-RZ_v13.01\libm.a(lib_a-k_tan.o)
 .data          0x2008d05a        0x0 ../../../compile/GNUARM-RZv13.01-EABI/arm-rz-eabi/arm-rz-eabi/lib/gcc/arm-rz-eabi/4.7-GNUARM-RZ_v13.01\libm.a(lib_a-s_finite.o)
 .data          0x2008d05a        0x0 ../../../compile/GNUARM-RZv13.01-EABI/arm-rz-eabi/arm-rz-eabi/lib/gcc/arm-rz-eabi/4.7-GNUARM-RZ_v13.01\libm.a(lib_a-s_fpclassify.o)
 .data          0x2008d05a        0x1 ../../../compile/GNUARM-RZv13.01-EABI/arm-rz-eabi/arm-rz-eabi/lib/gcc/arm-rz-eabi/4.7-GNUARM-RZ_v13.01\libm.a(lib_a-s_lib_ver.o)
                0x2008d05a                __fdlib_version
 .data          0x2008d05b        0x0 ../../../compile/GNUARM-RZv13.01-EABI/arm-rz-eabi/arm-rz-eabi/lib/gcc/arm-rz-eabi/4.7-GNUARM-RZ_v13.01\libm.a(lib_a-s_matherr.o)
 .data          0x2008d05b        0x0 ../../../compile/GNUARM-RZv13.01-EABI/arm-rz-eabi/arm-rz-eabi/lib/gcc/arm-rz-eabi/4.7-GNUARM-RZ_v13.01\libm.a(lib_a-s_nan.o)
 .data          0x2008d05b        0x0 ../../../compile/GNUARM-RZv13.01-EABI/arm-rz-eabi/arm-rz-eabi/lib/gcc/arm-rz-eabi/4.7-GNUARM-RZ_v13.01\libm.a(lib_a-s_rint.o)
 .data          0x2008d05b        0x0 ../../../compile/GNUARM-RZv13.01-EABI/arm-rz-eabi/arm-rz-eabi/lib/gcc/arm-rz-eabi/4.7-GNUARM-RZ_v13.01\libm.a(lib_a-s_scalbn.o)
 .data          0x2008d05b        0x0 ../../../compile/GNUARM-RZv13.01-EABI/arm-rz-eabi/arm-rz-eabi/lib/gcc/arm-rz-eabi/4.7-GNUARM-RZ_v13.01\libm.a(lib_a-s_copysign.o)
 .data          0x2008d05b        0x0 ../../../compile/GNUARM-RZv13.01-EABI/arm-rz-eabi/arm-rz-eabi/lib/gcc/arm-rz-eabi/4.7-GNUARM-RZ_v13.01\libc.a(lib_a-errno.o)
 *fill*         0x2008d05b        0x5 
 .data          0x2008d060      0x430 ../../../compile/GNUARM-RZv13.01-EABI/arm-rz-eabi/arm-rz-eabi/lib/gcc/arm-rz-eabi/4.7-GNUARM-RZ_v13.01\libc.a(lib_a-impure.o)
                0x2008d060                _impure_ptr
 .data          0x2008d490        0x0 ../../../compile/GNUARM-RZv13.01-EABI/arm-rz-eabi/arm-rz-eabi/lib/gcc/arm-rz-eabi/4.7-GNUARM-RZ_v13.01\libc.a(lib_a-memcpy-stub.o)
 .data          0x2008d490        0x0 ../../../compile/GNUARM-RZv13.01-EABI/arm-rz-eabi/arm-rz-eabi/lib/gcc/arm-rz-eabi/4.7-GNUARM-RZ_v13.01\libc.a(lib_a-memset.o)
 .data          0x2008d490        0x0 ../../../compile/GNUARM-RZv13.01-EABI/arm-rz-eabi/arm-rz-eabi/lib/gcc/arm-rz-eabi/4.7-GNUARM-RZ_v13.01\libgcc.a(_udivsi3.o)
 .data          0x2008d490        0x0 ../../../compile/GNUARM-RZv13.01-EABI/arm-rz-eabi/arm-rz-eabi/lib/gcc/arm-rz-eabi/4.7-GNUARM-RZ_v13.01\libgcc.a(_divsi3.o)
 .data          0x2008d490        0x0 ../../../compile/GNUARM-RZv13.01-EABI/arm-rz-eabi/arm-rz-eabi/lib/gcc/arm-rz-eabi/4.7-GNUARM-RZ_v13.01\libgcc.a(_dvmd_tls.o)
 .data          0x2008d490        0x0 ../../../compile/GNUARM-RZv13.01-EABI/arm-rz-eabi/arm-rz-eabi/lib/gcc/arm-rz-eabi/4.7-GNUARM-RZ_v13.01\libgcc.a(_arm_addsubdf3.o)
 .data          0x2008d490        0x0 ../../../compile/GNUARM-RZv13.01-EABI/arm-rz-eabi/arm-rz-eabi/lib/gcc/arm-rz-eabi/4.7-GNUARM-RZ_v13.01\libgcc.a(_arm_muldivdf3.o)
 .data          0x2008d490        0x0 ../../../compile/GNUARM-RZv13.01-EABI/arm-rz-eabi/arm-rz-eabi/lib/gcc/arm-rz-eabi/4.7-GNUARM-RZ_v13.01\libgcc.a(_arm_cmpdf2.o)
 .data          0x2008d490        0x0 ../../../compile/GNUARM-RZv13.01-EABI/arm-rz-eabi/arm-rz-eabi/lib/gcc/arm-rz-eabi/4.7-GNUARM-RZ_v13.01\libgcc.a(_arm_fixdfsi.o)
 .data          0x2008d490        0x0 ../../../compile/GNUARM-RZv13.01-EABI/arm-rz-eabi/arm-rz-eabi/lib/gcc/arm-rz-eabi/4.7-GNUARM-RZ_v13.01\libgcc.a(_arm_truncdfsf2.o)
 .data          0x2008d490        0x0 ../../../compile/GNUARM-RZv13.01-EABI/arm-rz-eabi/arm-rz-eabi/lib/gcc/arm-rz-eabi/4.7-GNUARM-RZ_v13.01\libgcc.a(_arm_addsubsf3.o)
 .data          0x2008d490        0x0 ../../../compile/GNUARM-RZv13.01-EABI/arm-rz-eabi/arm-rz-eabi/lib/gcc/arm-rz-eabi/4.7-GNUARM-RZ_v13.01\libgcc.a(_arm_muldivsf3.o)
 .data          0x2008d490        0x0 ../../../compile/GNUARM-RZv13.01-EABI/arm-rz-eabi/arm-rz-eabi/lib/gcc/arm-rz-eabi/4.7-GNUARM-RZ_v13.01\libgcc.a(_arm_cmpsf2.o)
 .data          0x2008d490        0x0 ../../../compile/GNUARM-RZv13.01-EABI/arm-rz-eabi/arm-rz-eabi/lib/gcc/arm-rz-eabi/4.7-GNUARM-RZ_v13.01\libgcc.a(_arm_fixsfsi.o)
 .data          0x2008d490        0x0 ../../../compile/GNUARM-RZv13.01-EABI/arm-rz-eabi/arm-rz-eabi/lib/gcc/arm-rz-eabi/4.7-GNUARM-RZ_v13.01\libgcc.a(_arm_fixunssfsi.o)
 *(.data.*)
 .data.rel      0x2008d490       0x3c ../Release/Sources/APP/CORE/VM/custom/t5can.o
                0x2008d490                pvCANTransmit_Cfm
                0x2008d4a4                pvCANReceive_Idc
                0x2008d4b8                pvCANError_Idc
 .data.rel.ro.local
                0x2008d4cc       0x78 ../Release/Sources/APP/CORE/VM/standard/t5vfs.o
 .data.rel.ro.local
                0x2008d544      0x378 ../Release/Sources/APP/CORE/VM/standard/t5vmstf.o
 .data.rel.ro   0x2008d8bc      0x100 ../Release/Sources/APP/BLOCKS/t5blocks.o
                0x2008d9c0                . = ALIGN (0x8)
 *fill*         0x2008d9bc        0x4 
                0x2008d9c0                address_end_data_RAM = .
                0x182aa468                address_end_data_ROM = (LOADADDR (.data) + SIZEOF (.data))
                0x182aa468                PROVIDE (end, address_end_data_ROM)

.igot.plt       0x2008d9c0        0x0 load address 0x182aa468
 .igot.plt      0x00000000        0x0 ../Release/Sources/APP/CORE/VM/custom/T5ACTIA.o

.bss            0x2008d9c0     0xa4a4 load address 0x182aa468
                0x2008d9c0                _bss = .
                0x2008d9c0                PROVIDE (__bss_start__, .)
 *(.bss)
 .bss           0x2008d9c0     0x1910 ../Release/Sources/APP/CORE/VM/custom/T5ACTIA.o
 .bss           0x2008f2d0        0x0 ../Release/Sources/APP/CORE/VM/custom/t5can.o
 .bss           0x2008f2d0        0x0 ../Release/Sources/APP/CORE/VM/custom/t5ddkcip.o
 .bss           0x2008f2d0        0x1 ../Release/Sources/APP/CORE/VM/custom/t5flash.o
 .bss           0x2008f2d1        0x0 ../Release/Sources/APP/CORE/VM/custom/t5ios.o
 .bss           0x2008f2d1        0x0 ../Release/Sources/APP/CORE/VM/custom/t5memory.o
 .bss           0x2008f2d1        0x0 ../Release/Sources/APP/CORE/VM/custom/t5retain.o
 .bss           0x2008f2d1        0x0 ../Release/Sources/APP/CORE/VM/custom/t5rtclk.o
 *fill*         0x2008f2d1        0x3 
 .bss           0x2008f2d4      0x404 ../Release/Sources/APP/CORE/VM/custom/t5serial.o
 .bss           0x2008f6d8        0x0 ../Release/Sources/APP/CORE/VM/custom/t5socket.o